Archive member included to satisfy reference by file (symbol)

c:/program files (x86)/atollic/truestudio for stm32 9.0.1/armtools/bin/../lib/gcc/arm-atollic-eabi/6.3.1/../../../../arm-atollic-eabi/lib/armv6-m\libc_nano.a(lib_a-errno.o)
                              Src\dorobo32.o (__errno)
c:/program files (x86)/atollic/truestudio for stm32 9.0.1/armtools/bin/../lib/gcc/arm-atollic-eabi/6.3.1/../../../../arm-atollic-eabi/lib/armv6-m\libc_nano.a(lib_a-impure.o)
                              c:/program files (x86)/atollic/truestudio for stm32 9.0.1/armtools/bin/../lib/gcc/arm-atollic-eabi/6.3.1/../../../../arm-atollic-eabi/lib/armv6-m\libc_nano.a(lib_a-errno.o) (_impure_ptr)
c:/program files (x86)/atollic/truestudio for stm32 9.0.1/armtools/bin/../lib/gcc/arm-atollic-eabi/6.3.1/../../../../arm-atollic-eabi/lib/armv6-m\libc_nano.a(lib_a-init.o)
                              startup\startup_stm32f072xb.o (__libc_init_array)
c:/program files (x86)/atollic/truestudio for stm32 9.0.1/armtools/bin/../lib/gcc/arm-atollic-eabi/6.3.1/../../../../arm-atollic-eabi/lib/armv6-m\libc_nano.a(lib_a-memcpy-stub.o)
                              Middlewares\Third_Party\FreeRTOS\Source\queue.o (memcpy)
c:/program files (x86)/atollic/truestudio for stm32 9.0.1/armtools/bin/../lib/gcc/arm-atollic-eabi/6.3.1/../../../../arm-atollic-eabi/lib/armv6-m\libc_nano.a(lib_a-memset.o)
                              Middlewares\Third_Party\FreeRTOS\Source\CMSIS_RTOS\cmsis_os.o (memset)
c:/program files (x86)/atollic/truestudio for stm32 9.0.1/armtools/bin/../lib/gcc/arm-atollic-eabi/6.3.1/../../../../arm-atollic-eabi/lib/armv6-m\libc_nano.a(lib_a-strlen.o)
                              Src\trace.o (strlen)
c:/program files (x86)/atollic/truestudio for stm32 9.0.1/armtools/bin/../lib/gcc/arm-atollic-eabi/6.3.1/../../../../arm-atollic-eabi/lib/armv6-m\libc_nano.a(lib_a-vsnprintf.o)
                              Src\trace.o (vsniprintf)
c:/program files (x86)/atollic/truestudio for stm32 9.0.1/armtools/bin/../lib/gcc/arm-atollic-eabi/6.3.1/../../../../arm-atollic-eabi/lib/armv6-m\libc_nano.a(lib_a-nano-svfprintf.o)
                              c:/program files (x86)/atollic/truestudio for stm32 9.0.1/armtools/bin/../lib/gcc/arm-atollic-eabi/6.3.1/../../../../arm-atollic-eabi/lib/armv6-m\libc_nano.a(lib_a-vsnprintf.o) (_svfprintf_r)
c:/program files (x86)/atollic/truestudio for stm32 9.0.1/armtools/bin/../lib/gcc/arm-atollic-eabi/6.3.1/../../../../arm-atollic-eabi/lib/armv6-m\libc_nano.a(lib_a-nano-vfprintf_i.o)
                              c:/program files (x86)/atollic/truestudio for stm32 9.0.1/armtools/bin/../lib/gcc/arm-atollic-eabi/6.3.1/../../../../arm-atollic-eabi/lib/armv6-m\libc_nano.a(lib_a-nano-svfprintf.o) (_printf_i)
c:/program files (x86)/atollic/truestudio for stm32 9.0.1/armtools/bin/../lib/gcc/arm-atollic-eabi/6.3.1/../../../../arm-atollic-eabi/lib/armv6-m\libc_nano.a(lib_a-memchr-stub.o)
                              c:/program files (x86)/atollic/truestudio for stm32 9.0.1/armtools/bin/../lib/gcc/arm-atollic-eabi/6.3.1/../../../../arm-atollic-eabi/lib/armv6-m\libc_nano.a(lib_a-nano-svfprintf.o) (memchr)
c:/program files (x86)/atollic/truestudio for stm32 9.0.1/armtools/bin/../lib/gcc/arm-atollic-eabi/6.3.1/../../../../arm-atollic-eabi/lib/armv6-m\libc_nano.a(lib_a-memmove.o)
                              c:/program files (x86)/atollic/truestudio for stm32 9.0.1/armtools/bin/../lib/gcc/arm-atollic-eabi/6.3.1/../../../../arm-atollic-eabi/lib/armv6-m\libc_nano.a(lib_a-nano-svfprintf.o) (memmove)
c:/program files (x86)/atollic/truestudio for stm32 9.0.1/armtools/bin/../lib/gcc/arm-atollic-eabi/6.3.1/../../../../arm-atollic-eabi/lib/armv6-m\libc_nano.a(lib_a-nano-freer.o)
                              c:/program files (x86)/atollic/truestudio for stm32 9.0.1/armtools/bin/../lib/gcc/arm-atollic-eabi/6.3.1/../../../../arm-atollic-eabi/lib/armv6-m\libc_nano.a(lib_a-nano-svfprintf.o) (_free_r)
c:/program files (x86)/atollic/truestudio for stm32 9.0.1/armtools/bin/../lib/gcc/arm-atollic-eabi/6.3.1/../../../../arm-atollic-eabi/lib/armv6-m\libc_nano.a(lib_a-nano-mallocr.o)
                              c:/program files (x86)/atollic/truestudio for stm32 9.0.1/armtools/bin/../lib/gcc/arm-atollic-eabi/6.3.1/../../../../arm-atollic-eabi/lib/armv6-m\libc_nano.a(lib_a-nano-svfprintf.o) (_malloc_r)
c:/program files (x86)/atollic/truestudio for stm32 9.0.1/armtools/bin/../lib/gcc/arm-atollic-eabi/6.3.1/../../../../arm-atollic-eabi/lib/armv6-m\libc_nano.a(lib_a-nano-reallocr.o)
                              c:/program files (x86)/atollic/truestudio for stm32 9.0.1/armtools/bin/../lib/gcc/arm-atollic-eabi/6.3.1/../../../../arm-atollic-eabi/lib/armv6-m\libc_nano.a(lib_a-nano-svfprintf.o) (_realloc_r)
c:/program files (x86)/atollic/truestudio for stm32 9.0.1/armtools/bin/../lib/gcc/arm-atollic-eabi/6.3.1/../../../../arm-atollic-eabi/lib/armv6-m\libc_nano.a(lib_a-sbrkr.o)
[...]
Memory Configuration

Name             Origin             Length             Attributes
RAM              0x20000000         0x00004000         xrw
FLASH            0x08000000         0x00020000         xr
*default*        0x00000000         0xffffffff

Linker script and memory map

LOAD c:/program files (x86)/atollic/truestudio for stm32 9.0.1/armtools/bin/../lib/gcc/arm-atollic-eabi/6.3.1/armv6-m/crti.o
LOAD c:/program files (x86)/atollic/truestudio for stm32 9.0.1/armtools/bin/../lib/gcc/arm-atollic-eabi/6.3.1/armv6-m/crtbegin.o
LOAD Drivers\STM32F0xx_HAL_Driver\Src\stm32f0xx_hal.o
LOAD Drivers\STM32F0xx_HAL_Driver\Src\stm32f0xx_hal_adc.o
LOAD Drivers\STM32F0xx_HAL_Driver\Src\stm32f0xx_hal_adc_ex.o
LOAD Drivers\STM32F0xx_HAL_Driver\Src\stm32f0xx_hal_cortex.o
LOAD Drivers\STM32F0xx_HAL_Driver\Src\stm32f0xx_hal_dma.o
LOAD Drivers\STM32F0xx_HAL_Driver\Src\stm32f0xx_hal_flash.o
LOAD Drivers\STM32F0xx_HAL_Driver\Src\stm32f0xx_hal_flash_ex.o
LOAD Drivers\STM32F0xx_HAL_Driver\Src\stm32f0xx_hal_gpio.o
LOAD Drivers\STM32F0xx_HAL_Driver\Src\stm32f0xx_hal_i2c.o
LOAD Drivers\STM32F0xx_HAL_Driver\Src\stm32f0xx_hal_i2c_ex.o
LOAD Drivers\STM32F0xx_HAL_Driver\Src\stm32f0xx_hal_pwr.o
LOAD Drivers\STM32F0xx_HAL_Driver\Src\stm32f0xx_hal_pwr_ex.o
LOAD Drivers\STM32F0xx_HAL_Driver\Src\stm32f0xx_hal_rcc.o
LOAD Drivers\STM32F0xx_HAL_Driver\Src\stm32f0xx_hal_rcc_ex.o
LOAD Drivers\STM32F0xx_HAL_Driver\Src\stm32f0xx_hal_tim.o
LOAD Drivers\STM32F0xx_HAL_Driver\Src\stm32f0xx_hal_tim_ex.o
LOAD Drivers\STM32F0xx_HAL_Driver\Src\stm32f0xx_hal_uart.o
LOAD Drivers\STM32F0xx_HAL_Driver\Src\stm32f0xx_hal_uart_ex.o
LOAD Middlewares\Third_Party\FreeRTOS\Source\CMSIS_RTOS\cmsis_os.o
LOAD Middlewares\Third_Party\FreeRTOS\Source\croutine.o
LOAD Middlewares\Third_Party\FreeRTOS\Source\event_groups.o
LOAD Middlewares\Third_Party\FreeRTOS\Source\list.o
LOAD Middlewares\Third_Party\FreeRTOS\Source\portable\GCC\ARM_CM0\port.o
LOAD Middlewares\Third_Party\FreeRTOS\Source\portable\MemMang\heap_4.o
LOAD Middlewares\Third_Party\FreeRTOS\Source\queue.o
LOAD Middlewares\Third_Party\FreeRTOS\Source\tasks.o
LOAD Middlewares\Third_Party\FreeRTOS\Source\timers.o
LOAD Src\ObstacleSensor.o
LOAD Src\adc.o
LOAD Src\digitial.o
LOAD Src\dorobo32.o
LOAD Src\fft.o
LOAD Src\freertos.o
LOAD Src\init.o
LOAD Src\main.o
LOAD Src\motor.o
LOAD Src\stm32f0xx_hal_msp.o
LOAD Src\stm32f0xx_hal_timebase_TIM.o
LOAD Src\stm32f0xx_it.o
LOAD Src\system_stm32f0xx.o
LOAD Src\trace.o
LOAD Src\wifi.o
LOAD startup\startup_stm32f072xb.o
                0x00000080                malloc_getpagesize_P = 0x80
START GROUP
LOAD c:/program files (x86)/atollic/truestudio for stm32 9.0.1/armtools/bin/../lib/gcc/arm-atollic-eabi/6.3.1/../../../../arm-atollic-eabi/lib/armv6-m\libc_nano.a
LOAD c:/program files (x86)/atollic/truestudio for stm32 9.0.1/armtools/bin/../lib/gcc/arm-atollic-eabi/6.3.1/../../../../arm-atollic-eabi/lib/armv6-m\libm.a
END GROUP
START GROUP
LOAD c:/program files (x86)/atollic/truestudio for stm32 9.0.1/armtools/bin/../lib/gcc/arm-atollic-eabi/6.3.1/armv6-m\libgcc.a
LOAD c:/program files (x86)/atollic/truestudio for stm32 9.0.1/armtools/bin/../lib/gcc/arm-atollic-eabi/6.3.1/../../../../arm-atollic-eabi/lib/armv6-m\libc_nano.a
END GROUP
START GROUP
LOAD c:/program files (x86)/atollic/truestudio for stm32 9.0.1/armtools/bin/../lib/gcc/arm-atollic-eabi/6.3.1/armv6-m\libgcc.a
LOAD c:/program files (x86)/atollic/truestudio for stm32 9.0.1/armtools/bin/../lib/gcc/arm-atollic-eabi/6.3.1/../../../../arm-atollic-eabi/lib/armv6-m\libc_nano.a
LOAD c:/program files (x86)/atollic/truestudio for stm32 9.0.1/armtools/bin/../lib/gcc/arm-atollic-eabi/6.3.1/../../../../arm-atollic-eabi/lib/armv6-m\libnosys.a
END GROUP
START GROUP
LOAD c:/program files (x86)/atollic/truestudio for stm32 9.0.1/armtools/bin/../lib/gcc/arm-atollic-eabi/6.3.1/armv6-m\libgcc.a
LOAD c:/program files (x86)/atollic/truestudio for stm32 9.0.1/armtools/bin/../lib/gcc/arm-atollic-eabi/6.3.1/../../../../arm-atollic-eabi/lib/armv6-m\libc_nano.a
LOAD c:/program files (x86)/atollic/truestudio for stm32 9.0.1/armtools/bin/../lib/gcc/arm-atollic-eabi/6.3.1/../../../../arm-atollic-eabi/lib/armv6-m\libnosys.a
END GROUP
LOAD c:/program files (x86)/atollic/truestudio for stm32 9.0.1/armtools/bin/../lib/gcc/arm-atollic-eabi/6.3.1/armv6-m/crtend.o
LOAD c:/program files (x86)/atollic/truestudio for stm32 9.0.1/armtools/bin/../lib/gcc/arm-atollic-eabi/6.3.1/armv6-m/crtn.o
                0x20004000                _estack = 0x20004000
                0x00000200                _Min_Heap_Size = 0x200
                0x00000400                _Min_Stack_Size = 0x400

.isr_vector     0x08000000       0xc0
                0x08000000                . = ALIGN (0x4)
 *(.isr_vector)
 .isr_vector    0x08000000       0xc0 startup\startup_stm32f072xb.o
                0x08000000                g_pfnVectors
                0x080000c0                . = ALIGN (0x4)

.text           0x080000c0     0x8168
                0x080000c0                . = ALIGN (0x4)
 *(.text)
 .text          0x080000c0       0x48 c:/program files (x86)/atollic/truestudio for stm32 9.0.1/armtools/bin/../lib/gcc/arm-atollic-eabi/6.3.1/armv6-m/crtbegin.o
 .text          0x08000108        0xe c:/program files (x86)/atollic/truestudio for stm32 9.0.1/armtools/bin/../lib/gcc/arm-atollic-eabi/6.3.1/../../../../arm-atollic-eabi/lib/armv6-m\libc_nano.a(lib_a-strlen.o)
                0x08000108                strlen
 *fill*         0x08000116        0x2 
 .text          0x08000118      0x114 c:/program files (x86)/atollic/truestudio for stm32 9.0.1/armtools/bin/../lib/gcc/arm-atollic-eabi/6.3.1/armv6-m\libgcc.a(_udivsi3.o)
                0x08000118                __aeabi_uidiv
                0x08000118                __udivsi3
                0x08000224                __aeabi_uidivmod
 .text          0x0800022c        0x4 c:/program files (x86)/atollic/truestudio for stm32 9.0.1/armtools/bin/../lib/gcc/arm-atollic-eabi/6.3.1/armv6-m\libgcc.a(_dvmd_tls.o)
                0x0800022c                __aeabi_idiv0
                0x0800022c                __aeabi_ldiv0
 .text          0x08000230      0x668 c:/program files (x86)/atollic/truestudio for stm32 9.0.1/armtools/bin/../lib/gcc/arm-atollic-eabi/6.3.1/armv6-m\libgcc.a(divdf3.o)
                0x08000230                __aeabi_ddiv
 .text          0x08000898      0x500 c:/program files (x86)/atollic/truestudio for stm32 9.0.1/armtools/bin/../lib/gcc/arm-atollic-eabi/6.3.1/armv6-m\libgcc.a(muldf3.o)
                0x08000898                __aeabi_dmul
 .text          0x08000d98       0x70 c:/program files (x86)/atollic/truestudio for stm32 9.0.1/armtools/bin/../lib/gcc/arm-atollic-eabi/6.3.1/armv6-m\libgcc.a(floatunsidf.o)
                0x08000d98                __aeabi_ui2d
 .text          0x08000e08       0xa4 c:/program files (x86)/atollic/truestudio for stm32 9.0.1/armtools/bin/../lib/gcc/arm-atollic-eabi/6.3.1/armv6-m\libgcc.a(extendsfdf2.o)
                0x08000e08                __aeabi_f2d
 .text          0x08000eac      0x114 c:/program files (x86)/atollic/truestudio for stm32 9.0.1/armtools/bin/../lib/gcc/arm-atollic-eabi/6.3.1/armv6-m\libgcc.a(truncdfsf2.o)
                0x08000eac                __aeabi_d2f
 .text          0x08000fc0       0x3c c:/program files (x86)/atollic/truestudio for stm32 9.0.1/armtools/bin/../lib/gcc/arm-atollic-eabi/6.3.1/armv6-m\libgcc.a(_clzsi2.o)
                0x08000fc0                __clzsi2
 *(.text*)
 .text.HAL_Init
                0x08000ffc       0x28 Drivers\STM32F0xx_HAL_Driver\Src\stm32f0xx_hal.o
                0x08000ffc                HAL_Init
 .text.HAL_IncTick
                0x08001024       0x18 Drivers\STM32F0xx_HAL_Driver\Src\stm32f0xx_hal.o
                0x08001024                HAL_IncTick
 .text.HAL_GetTick
                0x0800103c       0x14 Drivers\STM32F0xx_HAL_Driver\Src\stm32f0xx_hal.o
                0x0800103c                HAL_GetTick
 .text.HAL_Delay
                0x08001050       0x3a Drivers\STM32F0xx_HAL_Driver\Src\stm32f0xx_hal.o
                0x08001050                HAL_Delay
 *fill*         0x0800108a        0x2 
 .text.HAL_ADC_Init
                0x0800108c      0x27c Drivers\STM32F0xx_HAL_Driver\Src\stm32f0xx_hal_adc.o
                0x0800108c                HAL_ADC_Init
 .text.HAL_ADC_Start
                0x08001308       0xa8 Drivers\STM32F0xx_HAL_Driver\Src\stm32f0xx_hal_adc.o
                0x08001308                HAL_ADC_Start
 .text.HAL_ADC_Stop
                0x080013b0       0x84 Drivers\STM32F0xx_HAL_Driver\Src\stm32f0xx_hal_adc.o
                0x080013b0                HAL_ADC_Stop
 .text.HAL_ADC_PollForConversion
                0x08001434      0x120 Drivers\STM32F0xx_HAL_Driver\Src\stm32f0xx_hal_adc.o
                0x08001434                HAL_ADC_PollForConversion
 .text.HAL_ADC_GetValue
                0x08001554       0x16 Drivers\STM32F0xx_HAL_Driver\Src\stm32f0xx_hal_adc.o
                0x08001554                HAL_ADC_GetValue
 *fill*         0x0800156a        0x2 
 .text.HAL_ADC_ConfigChannel
                0x0800156c      0x21c Drivers\STM32F0xx_HAL_Driver\Src\stm32f0xx_hal_adc.o
                0x0800156c                HAL_ADC_ConfigChannel
 .text.ADC_Enable
                0x08001788       0xf8 Drivers\STM32F0xx_HAL_Driver\Src\stm32f0xx_hal_adc.o
 .text.ADC_Disable
                0x08001880       0xd2 Drivers\STM32F0xx_HAL_Driver\Src\stm32f0xx_hal_adc.o
 .text.ADC_ConversionStop
                0x08001952       0x8a Drivers\STM32F0xx_HAL_Driver\Src\stm32f0xx_hal_adc.o
 .text.NVIC_EnableIRQ
                0x080019dc       0x2c Drivers\STM32F0xx_HAL_Driver\Src\stm32f0xx_hal_cortex.o
 .text.NVIC_SetPriority
                0x08001a08       0xdc Drivers\STM32F0xx_HAL_Driver\Src\stm32f0xx_hal_cortex.o
 .text.SysTick_Config
                0x08001ae4       0x48 Drivers\STM32F0xx_HAL_Driver\Src\stm32f0xx_hal_cortex.o
 .text.HAL_NVIC_SetPriority
                0x08001b2c       0x2c Drivers\STM32F0xx_HAL_Driver\Src\stm32f0xx_hal_cortex.o
                0x08001b2c                HAL_NVIC_SetPriority
 .text.HAL_NVIC_EnableIRQ
                0x08001b58       0x20 Drivers\STM32F0xx_HAL_Driver\Src\stm32f0xx_hal_cortex.o
                0x08001b58                HAL_NVIC_EnableIRQ
 .text.HAL_SYSTICK_Config
                0x08001b78       0x1a Drivers\STM32F0xx_HAL_Driver\Src\stm32f0xx_hal_cortex.o
                0x08001b78                HAL_SYSTICK_Config
 *fill*         0x08001b92        0x2 
 .text.HAL_SYSTICK_CLKSourceConfig
                0x08001b94       0x34 Drivers\STM32F0xx_HAL_Driver\Src\stm32f0xx_hal_cortex.o
                0x08001b94                HAL_SYSTICK_CLKSourceConfig
 .text.HAL_DMA_Abort_IT
                0x08001bc8       0x8c Drivers\STM32F0xx_HAL_Driver\Src\stm32f0xx_hal_dma.o
                0x08001bc8                HAL_DMA_Abort_IT
 .text.HAL_GPIO_Init
                0x08001c54      0x2f8 Drivers\STM32F0xx_HAL_Driver\Src\stm32f0xx_hal_gpio.o
                0x08001c54                HAL_GPIO_Init
 .text.HAL_GPIO_ReadPin
                0x08001f4c       0x3a Drivers\STM32F0xx_HAL_Driver\Src\stm32f0xx_hal_gpio.o
                0x08001f4c                HAL_GPIO_ReadPin
 .text.HAL_GPIO_WritePin
                0x08001f86       0x3a Drivers\STM32F0xx_HAL_Driver\Src\stm32f0xx_hal_gpio.o
                0x08001f86                HAL_GPIO_WritePin
 .text.HAL_RCC_OscConfig
                0x08001fc0      0x6bc Drivers\STM32F0xx_HAL_Driver\Src\stm32f0xx_hal_rcc.o
                0x08001fc0                HAL_RCC_OscConfig
 .text.HAL_RCC_ClockConfig
                0x0800267c      0x210 Drivers\STM32F0xx_HAL_Driver\Src\stm32f0xx_hal_rcc.o
                0x0800267c                HAL_RCC_ClockConfig
 .text.HAL_RCC_GetSysClockFreq
                0x0800288c       0xfc Drivers\STM32F0xx_HAL_Driver\Src\stm32f0xx_hal_rcc.o
                0x0800288c                HAL_RCC_GetSysClockFreq
 .text.HAL_RCC_GetHCLKFreq
                0x08002988       0x14 Drivers\STM32F0xx_HAL_Driver\Src\stm32f0xx_hal_rcc.o
                0x08002988                HAL_RCC_GetHCLKFreq
 .text.HAL_RCC_GetPCLK1Freq
                0x0800299c       0x2c Drivers\STM32F0xx_HAL_Driver\Src\stm32f0xx_hal_rcc.o
                0x0800299c                HAL_RCC_GetPCLK1Freq
 .text.HAL_RCC_GetClockConfig
                0x080029c8       0x54 Drivers\STM32F0xx_HAL_Driver\Src\stm32f0xx_hal_rcc.o
                0x080029c8                HAL_RCC_GetClockConfig
 .text.HAL_RCCEx_PeriphCLKConfig
                0x08002a1c      0x1fc Drivers\STM32F0xx_HAL_Driver\Src\stm32f0xx_hal_rcc_ex.o
                0x08002a1c                HAL_RCCEx_PeriphCLKConfig
 .text.HAL_TIM_Base_Init
                0x08002c18       0x58 Drivers\STM32F0xx_HAL_Driver\Src\stm32f0xx_hal_tim.o
                0x08002c18                HAL_TIM_Base_Init
 .text.HAL_TIM_Base_Start_IT
                0x08002c70       0x32 Drivers\STM32F0xx_HAL_Driver\Src\stm32f0xx_hal_tim.o
                0x08002c70                HAL_TIM_Base_Start_IT
 *fill*         0x08002ca2        0x2 
 .text.HAL_TIM_Base_Stop_IT
                0x08002ca4       0x54 Drivers\STM32F0xx_HAL_Driver\Src\stm32f0xx_hal_tim.o
                0x08002ca4                HAL_TIM_Base_Stop_IT
 .text.HAL_TIM_PWM_Init
                0x08002cf8       0x58 Drivers\STM32F0xx_HAL_Driver\Src\stm32f0xx_hal_tim.o
                0x08002cf8                HAL_TIM_PWM_Init
 .text.HAL_TIM_PWM_Start
                0x08002d50       0x88 Drivers\STM32F0xx_HAL_Driver\Src\stm32f0xx_hal_tim.o
                0x08002d50                HAL_TIM_PWM_Start
 .text.HAL_TIM_IRQHandler
                0x08002dd8      0x22c Drivers\STM32F0xx_HAL_Driver\Src\stm32f0xx_hal_tim.o
                0x08002dd8                HAL_TIM_IRQHandler
 .text.HAL_TIM_PWM_ConfigChannel
                0x08003004      0x170 Drivers\STM32F0xx_HAL_Driver\Src\stm32f0xx_hal_tim.o
                0x08003004                HAL_TIM_PWM_ConfigChannel
 .text.HAL_TIM_ConfigClockSource
                0x08003174      0x1c0 Drivers\STM32F0xx_HAL_Driver\Src\stm32f0xx_hal_tim.o
                0x08003174                HAL_TIM_ConfigClockSource
 .text.HAL_TIM_OC_DelayElapsedCallback
                0x08003334       0x10 Drivers\STM32F0xx_HAL_Driver\Src\stm32f0xx_hal_tim.o
                0x08003334                HAL_TIM_OC_DelayElapsedCallback
 .text.HAL_TIM_IC_CaptureCallback
                0x08003344       0x10 Drivers\STM32F0xx_HAL_Driver\Src\stm32f0xx_hal_tim.o
                0x08003344                HAL_TIM_IC_CaptureCallback
 .text.HAL_TIM_PWM_PulseFinishedCallback
                0x08003354       0x10 Drivers\STM32F0xx_HAL_Driver\Src\stm32f0xx_hal_tim.o
                0x08003354                HAL_TIM_PWM_PulseFinishedCallback
 .text.HAL_TIM_TriggerCallback
                0x08003364       0x10 Drivers\STM32F0xx_HAL_Driver\Src\stm32f0xx_hal_tim.o
                0x08003364                HAL_TIM_TriggerCallback
 .text.TIM_Base_SetConfig
                0x08003374      0x104 Drivers\STM32F0xx_HAL_Driver\Src\stm32f0xx_hal_tim.o
                0x08003374                TIM_Base_SetConfig
 .text.TIM_OC1_SetConfig
                0x08003478      0x11c Drivers\STM32F0xx_HAL_Driver\Src\stm32f0xx_hal_tim.o
 .text.TIM_OC2_SetConfig
                0x08003594      0x114 Drivers\STM32F0xx_HAL_Driver\Src\stm32f0xx_hal_tim.o
                0x08003594                TIM_OC2_SetConfig
 .text.TIM_OC3_SetConfig
                0x080036a8      0x118 Drivers\STM32F0xx_HAL_Driver\Src\stm32f0xx_hal_tim.o
 .text.TIM_OC4_SetConfig
                0x080037c0       0xe0 Drivers\STM32F0xx_HAL_Driver\Src\stm32f0xx_hal_tim.o
 .text.TIM_TI1_ConfigInputStage
                0x080038a0       0x64 Drivers\STM32F0xx_HAL_Driver\Src\stm32f0xx_hal_tim.o
 .text.TIM_TI2_ConfigInputStage
                0x08003904       0x6c Drivers\STM32F0xx_HAL_Driver\Src\stm32f0xx_hal_tim.o
 .text.TIM_ITRx_SetConfig
                0x08003970       0x40 Drivers\STM32F0xx_HAL_Driver\Src\stm32f0xx_hal_tim.o
 .text.TIM_ETR_SetConfig
                0x080039b0       0x44 Drivers\STM32F0xx_HAL_Driver\Src\stm32f0xx_hal_tim.o
                0x080039b0                TIM_ETR_SetConfig
 .text.TIM_CCxChannelCmd
                0x080039f4       0x42 Drivers\STM32F0xx_HAL_Driver\Src\stm32f0xx_hal_tim.o
                0x080039f4                TIM_CCxChannelCmd
 .text.HAL_TIMEx_MasterConfigSynchronization
                0x08003a36       0x86 Drivers\STM32F0xx_HAL_Driver\Src\stm32f0xx_hal_tim_ex.o
                0x08003a36                HAL_TIMEx_MasterConfigSynchronization
 .text.HAL_TIMEx_ConfigBreakDeadTime
                0x08003abc       0xdc Drivers\STM32F0xx_HAL_Driver\Src\stm32f0xx_hal_tim_ex.o
                0x08003abc                HAL_TIMEx_ConfigBreakDeadTime
 .text.HAL_TIMEx_CommutationCallback
                0x08003b98       0x10 Drivers\STM32F0xx_HAL_Driver\Src\stm32f0xx_hal_tim_ex.o
                0x08003b98                HAL_TIMEx_CommutationCallback
 .text.HAL_TIMEx_BreakCallback
                0x08003ba8       0x10 Drivers\STM32F0xx_HAL_Driver\Src\stm32f0xx_hal_tim_ex.o
                0x08003ba8                HAL_TIMEx_BreakCallback
 .text.HAL_UART_Init
                0x08003bb8       0xb0 Drivers\STM32F0xx_HAL_Driver\Src\stm32f0xx_hal_uart.o
                0x08003bb8                HAL_UART_Init
 .text.HAL_UART_Transmit
                0x08003c68      0x146 Drivers\STM32F0xx_HAL_Driver\Src\stm32f0xx_hal_uart.o
                0x08003c68                HAL_UART_Transmit
 *fill*         0x08003dae        0x2 
 .text.HAL_UART_Receive
                0x08003db0      0x1c4 Drivers\STM32F0xx_HAL_Driver\Src\stm32f0xx_hal_uart.o
                0x08003db0                HAL_UART_Receive
 .text.HAL_UART_IRQHandler
                0x08003f74      0x22c Drivers\STM32F0xx_HAL_Driver\Src\stm32f0xx_hal_uart.o
                0x08003f74                HAL_UART_IRQHandler
 .text.HAL_UART_TxCpltCallback
                0x080041a0       0x10 Drivers\STM32F0xx_HAL_Driver\Src\stm32f0xx_hal_uart.o
                0x080041a0                HAL_UART_TxCpltCallback
 .text.HAL_UART_RxCpltCallback
                0x080041b0       0x10 Drivers\STM32F0xx_HAL_Driver\Src\stm32f0xx_hal_uart.o
                0x080041b0                HAL_UART_RxCpltCallback
 .text.HAL_UART_ErrorCallback
                0x080041c0       0x10 Drivers\STM32F0xx_HAL_Driver\Src\stm32f0xx_hal_uart.o
                0x080041c0                HAL_UART_ErrorCallback
 .text.UART_SetConfig
                0x080041d0      0x378 Drivers\STM32F0xx_HAL_Driver\Src\stm32f0xx_hal_uart.o
                0x080041d0                UART_SetConfig
 .text.UART_AdvFeatureConfig
                0x08004548      0x158 Drivers\STM32F0xx_HAL_Driver\Src\stm32f0xx_hal_uart.o
                0x08004548                UART_AdvFeatureConfig
 .text.UART_CheckIdleState
                0x080046a0       0xb0 Drivers\STM32F0xx_HAL_Driver\Src\stm32f0xx_hal_uart.o
                0x080046a0                UART_CheckIdleState
 .text.UART_WaitOnFlagUntilTimeout
                0x08004750       0x98 Drivers\STM32F0xx_HAL_Driver\Src\stm32f0xx_hal_uart.o
                0x08004750                UART_WaitOnFlagUntilTimeout
 .text.UART_EndRxTransfer
                0x080047e8       0x3c Drivers\STM32F0xx_HAL_Driver\Src\stm32f0xx_hal_uart.o
 .text.UART_DMAAbortOnError
                0x08004824       0x2e Drivers\STM32F0xx_HAL_Driver\Src\stm32f0xx_hal_uart.o
 .text.UART_Transmit_IT
                0x08004852       0xae Drivers\STM32F0xx_HAL_Driver\Src\stm32f0xx_hal_uart.o
                0x08004852                UART_Transmit_IT
 .text.UART_EndTransmit_IT
                0x08004900       0x32 Drivers\STM32F0xx_HAL_Driver\Src\stm32f0xx_hal_uart.o
                0x08004900                UART_EndTransmit_IT
 *fill*         0x08004932        0x2 
 .text.UART_Receive_IT
                0x08004934       0xf4 Drivers\STM32F0xx_HAL_Driver\Src\stm32f0xx_hal_uart.o
                0x08004934                UART_Receive_IT
 .text.HAL_UARTEx_WakeupCallback
                0x08004a28       0x10 Drivers\STM32F0xx_HAL_Driver\Src\stm32f0xx_hal_uart_ex.o
                0x08004a28                HAL_UARTEx_WakeupCallback
 .text.osSystickHandler
                0x08004a38       0x18 Middlewares\Third_Party\FreeRTOS\Source\CMSIS_RTOS\cmsis_os.o
                0x08004a38                osSystickHandler
 .text.vListInitialise
                0x08004a50       0x3c Middlewares\Third_Party\FreeRTOS\Source\list.o
                0x08004a50                vListInitialise
 .text.vListInitialiseItem
                0x08004a8c       0x16 Middlewares\Third_Party\FreeRTOS\Source\list.o
                0x08004a8c                vListInitialiseItem
 .text.vListInsertEnd
                0x08004aa2       0x44 Middlewares\Third_Party\FreeRTOS\Source\list.o
                0x08004aa2                vListInsertEnd
 .text.vListInsert
                0x08004ae6       0x6c Middlewares\Third_Party\FreeRTOS\Source\list.o
                0x08004ae6                vListInsert
 .text.uxListRemove
                0x08004b52       0x50 Middlewares\Third_Party\FreeRTOS\Source\list.o
                0x08004b52                uxListRemove
 *fill*         0x08004ba2        0x2 
 .text.pxPortInitialiseStack
                0x08004ba4       0x54 Middlewares\Third_Party\FreeRTOS\Source\portable\GCC\ARM_CM0\port.o
                0x08004ba4                pxPortInitialiseStack
 .text.prvTaskExitError
                0x08004bf8       0x18 Middlewares\Third_Party\FreeRTOS\Source\portable\GCC\ARM_CM0\port.o
 .text.SVC_Handler
                0x08004c10        0xa Middlewares\Third_Party\FreeRTOS\Source\portable\GCC\ARM_CM0\port.o
                0x08004c10                SVC_Handler
 *fill*         0x08004c1a        0x6 
 .text.vPortStartFirstTask
                0x08004c20       0x38 Middlewares\Third_Party\FreeRTOS\Source\portable\GCC\ARM_CM0\port.o
 .text.xPortStartScheduler
                0x08004c58       0x44 Middlewares\Third_Party\FreeRTOS\Source\portable\GCC\ARM_CM0\port.o
                0x08004c58                xPortStartScheduler
 .text.vPortYield
                0x08004c9c       0x20 Middlewares\Third_Party\FreeRTOS\Source\portable\GCC\ARM_CM0\port.o
                0x08004c9c                vPortYield
 .text.vPortEnterCritical
                0x08004cbc       0x24 Middlewares\Third_Party\FreeRTOS\Source\portable\GCC\ARM_CM0\port.o
                0x08004cbc                vPortEnterCritical
 .text.vPortExitCritical
                0x08004ce0       0x30 Middlewares\Third_Party\FreeRTOS\Source\portable\GCC\ARM_CM0\port.o
                0x08004ce0                vPortExitCritical
 .text.ulSetInterruptMaskFromISR
                0x08004d10        0xc Middlewares\Third_Party\FreeRTOS\Source\portable\GCC\ARM_CM0\port.o
                0x08004d10                ulSetInterruptMaskFromISR
 .text.vClearInterruptMaskFromISR
                0x08004d1c        0x8 Middlewares\Third_Party\FreeRTOS\Source\portable\GCC\ARM_CM0\port.o
                0x08004d1c                vClearInterruptMaskFromISR
 *fill*         0x08004d24        0xc 
 .text.PendSV_Handler
                0x08004d30       0x48 Middlewares\Third_Party\FreeRTOS\Source\portable\GCC\ARM_CM0\port.o
                0x08004d30                PendSV_Handler
 .text.xPortSysTickHandler
                0x08004d78       0x34 Middlewares\Third_Party\FreeRTOS\Source\portable\GCC\ARM_CM0\port.o
                0x08004d78                xPortSysTickHandler
 .text.vPortSetupTimerInterrupt
                0x08004dac       0x30 Middlewares\Third_Party\FreeRTOS\Source\portable\GCC\ARM_CM0\port.o
                0x08004dac                vPortSetupTimerInterrupt
 .text.pvPortMalloc
                0x08004ddc      0x14c Middlewares\Third_Party\FreeRTOS\Source\portable\MemMang\heap_4.o
                0x08004ddc                pvPortMalloc
 .text.vPortFree
                0x08004f28       0x90 Middlewares\Third_Party\FreeRTOS\Source\portable\MemMang\heap_4.o
                0x08004f28                vPortFree
 .text.prvHeapInit
                0x08004fb8       0xc0 Middlewares\Third_Party\FreeRTOS\Source\portable\MemMang\heap_4.o
 .text.prvInsertBlockIntoFreeList
                0x08005078       0xb0 Middlewares\Third_Party\FreeRTOS\Source\portable\MemMang\heap_4.o
 .text.xTaskCreate
                0x08005128       0x90 Middlewares\Third_Party\FreeRTOS\Source\tasks.o
                0x08005128                xTaskCreate
 .text.prvInitialiseNewTask
                0x080051b8       0xf8 Middlewares\Third_Party\FreeRTOS\Source\tasks.o
 .text.prvAddNewTaskToReadyList
                0x080052b0       0xd0 Middlewares\Third_Party\FreeRTOS\Source\tasks.o
 .text.vTaskDelay
                0x08005380       0x4c Middlewares\Third_Party\FreeRTOS\Source\tasks.o
                0x08005380                vTaskDelay
 .text.vTaskStartScheduler
                0x080053cc       0x6c Middlewares\Third_Party\FreeRTOS\Source\tasks.o
                0x080053cc                vTaskStartScheduler
 .text.vTaskSuspendAll
                0x08005438       0x18 Middlewares\Third_Party\FreeRTOS\Source\tasks.o
                0x08005438                vTaskSuspendAll
 .text.xTaskResumeAll
                0x08005450      0x118 Middlewares\Third_Party\FreeRTOS\Source\tasks.o
                0x08005450                xTaskResumeAll
 .text.xTaskIncrementTick
                0x08005568      0x168 Middlewares\Third_Party\FreeRTOS\Source\tasks.o
                0x08005568                xTaskIncrementTick
 .text.vTaskSwitchContext
                0x080056d0       0xa4 Middlewares\Third_Party\FreeRTOS\Source\tasks.o
                0x080056d0                vTaskSwitchContext
 .text.prvIdleTask
                0x08005774       0x20 Middlewares\Third_Party\FreeRTOS\Source\tasks.o
 .text.prvInitialiseTaskLists
                0x08005794       0x88 Middlewares\Third_Party\FreeRTOS\Source\tasks.o
 .text.prvCheckTasksWaitingTermination
                0x0800581c       0x74 Middlewares\Third_Party\FreeRTOS\Source\tasks.o
 .text.prvDeleteTCB
                0x08005890       0x22 Middlewares\Third_Party\FreeRTOS\Source\tasks.o
 *fill*         0x080058b2        0x2 
 .text.prvResetNextTaskUnblockTime
                0x080058b4       0x48 Middlewares\Third_Party\FreeRTOS\Source\tasks.o
 .text.xTaskGetSchedulerState
                0x080058fc       0x38 Middlewares\Third_Party\FreeRTOS\Source\tasks.o
                0x080058fc                xTaskGetSchedulerState
 .text.prvAddCurrentTaskToDelayedList
                0x08005934       0xa8 Middlewares\Third_Party\FreeRTOS\Source\tasks.o
 .text.select_adc_channel
                0x080059dc       0x54 Src\adc.o
 .text.activate_channel
                0x08005a30       0x3c Src\adc.o
 .text.deactivate_channel
                0x08005a6c       0x40 Src\adc.o
 .text.adc_init
                0x08005aac        0xa Src\adc.o
                0x08005aac                adc_init
 *fill*         0x08005ab6        0x2 
 .text.adc_get_value
                0x08005ab8       0x68 Src\adc.o
                0x08005ab8                adc_get_value
 .text.digital_init
                0x08005b20       0x6c Src\digitial.o
                0x08005b20                digital_init
 .text.digital_configure_pin
                0x08005b8c       0xe2 Src\digitial.o
                0x08005b8c                digital_configure_pin
 .text.digital_set_pin
                0x08005c6e       0x40 Src\digitial.o
                0x08005c6e                digital_set_pin
 .text.digital_get_pin
                0x08005cae       0x3a Src\digitial.o
                0x08005cae                digital_get_pin
 .text.select_pin
                0x08005ce8      0x16c Src\digitial.o
 .text.dorobo_init
                0x08005e54       0x12 Src\dorobo32.o
                0x08005e54                dorobo_init
 *fill*         0x08005e66        0x2 
 .text.led_green
                0x08005e68       0x28 Src\dorobo32.o
                0x08005e68                led_green
 .text.led_red  0x08005e90       0x28 Src\dorobo32.o
                0x08005e90                led_red
 .text._sbrk    0x08005eb8       0x7c Src\dorobo32.o
                0x08005eb8                _sbrk
 .text.ft_start_sampling
                0x08005f34       0x38 Src\fft.o
                0x08005f34                ft_start_sampling
 .text.ft_is_sampling_finished
                0x08005f6c       0x14 Src\fft.o
                0x08005f6c                ft_is_sampling_finished
 .text.ft_get_transform
                0x08005f80       0xd4 Src\fft.o
                0x08005f80                ft_get_transform
 .text.ft_get_samples
                0x08006054       0x74 Src\fft.o
                0x08006054                ft_get_samples
 .text.TIM6_DAC_IRQHandler
                0x080060c8       0x38 Src\fft.o
                0x080060c8                TIM6_DAC_IRQHandler
 .text.init     0x08006100       0x3e Src\init.o
                0x08006100                init
 .text.SystemClock_Config
                0x0800613e       0xce Src\init.o
                0x0800613e                SystemClock_Config
 .text.MX_NVIC_Init
                0x0800620c       0x3a Src\init.o
                0x0800620c                MX_NVIC_Init
 *fill*         0x08006246        0x2 
 .text.MX_ADC_Init
                0x08006248      0x130 Src\init.o
 .text.MX_TIM2_Init
                0x08006378       0x90 Src\init.o
 .text.MX_TIM3_Init
                0x08006408       0xcc Src\init.o
 .text.MX_TIM6_Init
                0x080064d4       0x54 Src\init.o
 .text.MX_TIM15_Init
                0x08006528       0xf4 Src\init.o
 .text.MX_TIM16_Init
                0x0800661c       0xd0 Src\init.o
 .text.MX_TIM17_Init
                0x080066ec       0xd0 Src\init.o
 .text.MX_USART1_UART_Init
                0x080067bc       0x58 Src\init.o
 .text.MX_USART2_UART_Init
                0x08006814       0x58 Src\init.o
 .text.MX_GPIO_Init
                0x0800686c      0x2c8 Src\init.o
 .text.main     0x08006b34       0xcc Src\main.o
                0x08006b34                main
 .text.MotorControl
                0x08006c00       0x60 Src\main.o
 .text.IRSensorTest
                0x08006c60       0xd4 Src\main.o
 .text.DistanceSensorReading
                0x08006d34       0xc0 Src\main.o
 .text.DefaultIdle
                0x08006df4       0x1c Src\main.o
 .text.HAL_TIM_PeriodElapsedCallback
                0x08006e10       0x24 Src\main.o
                0x08006e10                HAL_TIM_PeriodElapsedCallback
 .text.motor_init
                0x08006e34        0xa Src\motor.o
                0x08006e34                motor_init
 .text.motor_set
                0x08006e3e       0x38 Src\motor.o
                0x08006e3e                motor_set
 *fill*         0x08006e76        0x2 
 .text.set_speed
                0x08006e78       0xbc Src\motor.o
 .text.select_motor
                0x08006f34       0x5c Src\motor.o
 .text.HAL_MspInit
                0x08006f90       0x70 Src\stm32f0xx_hal_msp.o
                0x08006f90                HAL_MspInit
 .text.HAL_ADC_MspInit
                0x08007000       0x90 Src\stm32f0xx_hal_msp.o
                0x08007000                HAL_ADC_MspInit
 .text.HAL_TIM_PWM_MspInit
                0x08007090       0x64 Src\stm32f0xx_hal_msp.o
                0x08007090                HAL_TIM_PWM_MspInit
 .text.HAL_TIM_Base_MspInit
                0x080070f4       0xcc Src\stm32f0xx_hal_msp.o
                0x080070f4                HAL_TIM_Base_MspInit
 .text.HAL_TIM_MspPostInit
                0x080071c0      0x1b4 Src\stm32f0xx_hal_msp.o
                0x080071c0                HAL_TIM_MspPostInit
 .text.HAL_UART_MspInit
                0x08007374       0xe0 Src\stm32f0xx_hal_msp.o
                0x08007374                HAL_UART_MspInit
 .text.HAL_InitTick
                0x08007454       0xbc Src\stm32f0xx_hal_timebase_TIM.o
                0x08007454                HAL_InitTick
 .text.SysTick_Handler
                0x08007510        0xe Src\stm32f0xx_it.o
                0x08007510                SysTick_Handler
 *fill*         0x0800751e        0x2 
 .text.TIM3_IRQHandler
                0x08007520       0x18 Src\stm32f0xx_it.o
                0x08007520                TIM3_IRQHandler
 .text.TIM14_IRQHandler
                0x08007538       0x18 Src\stm32f0xx_it.o
                0x08007538                TIM14_IRQHandler
 .text.USART1_IRQHandler
                0x08007550       0x18 Src\stm32f0xx_it.o
                0x08007550                USART1_IRQHandler
 .text.USART2_IRQHandler
                0x08007568       0x18 Src\stm32f0xx_it.o
                0x08007568                USART2_IRQHandler
 .text.SystemInit
                0x08007580       0x88 Src\system_stm32f0xx.o
                0x08007580                SystemInit
 .text.traces   0x08007608       0x54 Src\trace.o
                0x08007608                traces
 .text.tracef   0x0800765c       0x34 Src\trace.o
                0x0800765c                tracef
 .text.get_response
                0x08007690       0xdc Src\wifi.o
 .text.send_command
                0x0800776c       0x80 Src\wifi.o
 .text.config_start
                0x080077ec       0x84 Src\wifi.o
 .text.config_leave
                0x08007870       0x20 Src\wifi.o
 .text.wifi_init
                0x08007890       0x5c Src\wifi.o
                0x08007890                wifi_init
 .text.Reset_Handler
                0x080078ec       0x50 startup\startup_stm32f072xb.o
                0x080078ec                Reset_Handler
 .text.Default_Handler
                0x0800793c        0x2 startup\startup_stm32f072xb.o
                0x0800793c                TIM1_CC_IRQHandler
                0x0800793c                TSC_IRQHandler
                0x0800793c                HardFault_Handler
                0x0800793c                ADC1_COMP_IRQHandler
                0x0800793c                NMI_Handler
                0x0800793c                I2C1_IRQHandler
                0x0800793c                RCC_CRS_IRQHandler
                0x0800793c                SPI1_IRQHandler
                0x0800793c                USART3_4_IRQHandler
                0x0800793c                EXTI2_3_IRQHandler
                0x0800793c                I2C2_IRQHandler
                0x0800793c                TIM17_IRQHandler
                0x0800793c                CEC_CAN_IRQHandler
                0x0800793c                RTC_IRQHandler
                0x0800793c                PVD_VDDIO2_IRQHandler
                0x0800793c                DMA1_Channel4_5_6_7_IRQHandler
                0x0800793c                TIM16_IRQHandler
                0x0800793c                EXTI4_15_IRQHandler
                0x0800793c                DMA1_Channel1_IRQHandler
                0x0800793c                Default_Handler
                0x0800793c                TIM7_IRQHandler
                0x0800793c                TIM15_IRQHandler
                0x0800793c                EXTI0_1_IRQHandler
                0x0800793c                USB_IRQHandler
                0x0800793c                SPI2_IRQHandler
                0x0800793c                WWDG_IRQHandler
                0x0800793c                TIM2_IRQHandler
                0x0800793c                DMA1_Channel2_3_IRQHandler
                0x0800793c                FLASH_IRQHandler
                0x0800793c                TIM1_BRK_UP_TRG_COM_IRQHandler
 *fill*         0x0800793e        0x2 
 .text.__errno  0x08007940        0xc c:/program files (x86)/atollic/truestudio for stm32 9.0.1/armtools/bin/../lib/gcc/arm-atollic-eabi/6.3.1/../../../../arm-atollic-eabi/lib/armv6-m\libc_nano.a(lib_a-errno.o)
                0x08007940                __errno
 .text.__libc_init_array
                0x0800794c       0x48 c:/program files (x86)/atollic/truestudio for stm32 9.0.1/armtools/bin/../lib/gcc/arm-atollic-eabi/6.3.1/../../../../arm-atollic-eabi/lib/armv6-m\libc_nano.a(lib_a-init.o)
                0x0800794c                __libc_init_array
 .text.memcpy   0x08007994       0x12 c:/program files (x86)/atollic/truestudio for stm32 9.0.1/armtools/bin/../lib/gcc/arm-atollic-eabi/6.3.1/../../../../arm-atollic-eabi/lib/armv6-m\libc_nano.a(lib_a-memcpy-stub.o)
                0x08007994                memcpy
 .text.memset   0x080079a6       0x10 c:/program files (x86)/atollic/truestudio for stm32 9.0.1/armtools/bin/../lib/gcc/arm-atollic-eabi/6.3.1/../../../../arm-atollic-eabi/lib/armv6-m\libc_nano.a(lib_a-memset.o)
                0x080079a6                memset
 .text._vsnprintf_r
                0x080079b6       0x56 c:/program files (x86)/atollic/truestudio for stm32 9.0.1/armtools/bin/../lib/gcc/arm-atollic-eabi/6.3.1/../../../../arm-atollic-eabi/lib/armv6-m\libc_nano.a(lib_a-vsnprintf.o)
                0x080079b6                _vsniprintf_r
                0x080079b6                _vsnprintf_r
 .text.vsnprintf
                0x08007a0c       0x18 c:/program files (x86)/atollic/truestudio for stm32 9.0.1/armtools/bin/../lib/gcc/arm-atollic-eabi/6.3.1/../../../../arm-atollic-eabi/lib/armv6-m\libc_nano.a(lib_a-vsnprintf.o)
                0x08007a0c                vsniprintf
                0x08007a0c                vsnprintf
 .text.__ssputs_r
                0x08007a24       0xc4 c:/program files (x86)/atollic/truestudio for stm32 9.0.1/armtools/bin/../lib/gcc/arm-atollic-eabi/6.3.1/../../../../arm-atollic-eabi/lib/armv6-m\libc_nano.a(lib_a-nano-svfprintf.o)
                0x08007a24                __ssputs_r
 .text._svfprintf_r
                0x08007ae8      0x208 c:/program files (x86)/atollic/truestudio for stm32 9.0.1/armtools/bin/../lib/gcc/arm-atollic-eabi/6.3.1/../../../../arm-atollic-eabi/lib/armv6-m\libc_nano.a(lib_a-nano-svfprintf.o)
                0x08007ae8                _svfiprintf_r
                0x08007ae8                _svfprintf_r
 .text._printf_common
                0x08007cf0       0xda c:/program files (x86)/atollic/truestudio for stm32 9.0.1/armtools/bin/../lib/gcc/arm-atollic-eabi/6.3.1/../../../../arm-atollic-eabi/lib/armv6-m\libc_nano.a(lib_a-nano-vfprintf_i.o)
                0x08007cf0                _printf_common
 *fill*         0x08007dca        0x2 
 .text._printf_i
                0x08007dcc      0x234 c:/program files (x86)/atollic/truestudio for stm32 9.0.1/armtools/bin/../lib/gcc/arm-atollic-eabi/6.3.1/../../../../arm-atollic-eabi/lib/armv6-m\libc_nano.a(lib_a-nano-vfprintf_i.o)
                0x08007dcc                _printf_i
 .text.memchr   0x08008000       0x16 c:/program files (x86)/atollic/truestudio for stm32 9.0.1/armtools/bin/../lib/gcc/arm-atollic-eabi/6.3.1/../../../../arm-atollic-eabi/lib/armv6-m\libc_nano.a(lib_a-memchr-stub.o)
                0x08008000                memchr
 .text.memmove  0x08008016       0x24 c:/program files (x86)/atollic/truestudio for stm32 9.0.1/armtools/bin/../lib/gcc/arm-atollic-eabi/6.3.1/../../../../arm-atollic-eabi/lib/armv6-m\libc_nano.a(lib_a-memmove.o)
                0x08008016                memmove
 *fill*         0x0800803a        0x2 
 .text._free_r  0x0800803c       0x94 c:/program files (x86)/atollic/truestudio for stm32 9.0.1/armtools/bin/../lib/gcc/arm-atollic-eabi/6.3.1/../../../../arm-atollic-eabi/lib/armv6-m\libc_nano.a(lib_a-nano-freer.o)
                0x0800803c                _free_r
 .text._malloc_r
                0x080080d0       0xbc c:/program files (x86)/atollic/truestudio for stm32 9.0.1/armtools/bin/../lib/gcc/arm-atollic-eabi/6.3.1/../../../../arm-atollic-eabi/lib/armv6-m\libc_nano.a(lib_a-nano-mallocr.o)
                0x080080d0                _malloc_r
 .text._realloc_r
                0x0800818c       0x4c c:/program files (x86)/atollic/truestudio for stm32 9.0.1/armtools/bin/../lib/gcc/arm-atollic-eabi/6.3.1/../../../../arm-atollic-eabi/lib/armv6-m\libc_nano.a(lib_a-nano-reallocr.o)
                0x0800818c                _realloc_r
 .text._sbrk_r  0x080081d8       0x24 c:/program files (x86)/atollic/truestudio for stm32 9.0.1/armtools/bin/../lib/gcc/arm-atollic-eabi/6.3.1/../../../../arm-atollic-eabi/lib/armv6-m\libc_nano.a(lib_a-sbrkr.o)
                0x080081d8                _sbrk_r
 .text.__malloc_lock
                0x080081fc        0x2 c:/program files (x86)/atollic/truestudio for stm32 9.0.1/armtools/bin/../lib/gcc/arm-atollic-eabi/6.3.1/../../../../arm-atollic-eabi/lib/armv6-m\libc_nano.a(lib_a-mlock.o)
                0x080081fc                __malloc_lock
 .text.__malloc_unlock
                0x080081fe        0x2 c:/program files (x86)/atollic/truestudio for stm32 9.0.1/armtools/bin/../lib/gcc/arm-atollic-eabi/6.3.1/../../../../arm-atollic-eabi/lib/armv6-m\libc_nano.a(lib_a-mlock.o)
                0x080081fe                __malloc_unlock
 .text._malloc_usable_size_r
                0x08008200       0x10 c:/program files (x86)/atollic/truestudio for stm32 9.0.1/armtools/bin/../lib/gcc/arm-atollic-eabi/6.3.1/../../../../arm-atollic-eabi/lib/armv6-m\libc_nano.a(lib_a-nano-msizer.o)
                0x08008200                _malloc_usable_size_r
 *(.glue_7)
 .glue_7        0x08008210        0x0 linker stubs
 *(.glue_7t)
 .glue_7t       0x08008210        0x0 linker stubs
 *(.eh_frame)
 .eh_frame      0x08008210        0x0 c:/program files (x86)/atollic/truestudio for stm32 9.0.1/armtools/bin/../lib/gcc/arm-atollic-eabi/6.3.1/armv6-m/crtbegin.o
 *(.init)
 .init          0x08008210        0x4 c:/program files (x86)/atollic/truestudio for stm32 9.0.1/armtools/bin/../lib/gcc/arm-atollic-eabi/6.3.1/armv6-m/crti.o
                0x08008210                _init
 .init          0x08008214        0x8 c:/program files (x86)/atollic/truestudio for stm32 9.0.1/armtools/bin/../lib/gcc/arm-atollic-eabi/6.3.1/armv6-m/crtn.o
 *(.fini)
 .fini          0x0800821c        0x4 c:/program files (x86)/atollic/truestudio for stm32 9.0.1/armtools/bin/../lib/gcc/arm-atollic-eabi/6.3.1/armv6-m/crti.o
                0x0800821c                _fini
 .fini          0x08008220        0x8 c:/program files (x86)/atollic/truestudio for stm32 9.0.1/armtools/bin/../lib/gcc/arm-atollic-eabi/6.3.1/armv6-m/crtn.o
                0x08008228                . = ALIGN (0x4)
                0x08008228                _etext = .

.vfp11_veneer   0x08008228        0x0
 .vfp11_veneer  0x08008228        0x0 linker stubs

.v4_bx          0x08008228        0x0
 .v4_bx         0x08008228        0x0 linker stubs

.iplt           0x08008228        0x0
 .iplt          0x08008228        0x0 c:/program files (x86)/atollic/truestudio for stm32 9.0.1/armtools/bin/../lib/gcc/arm-atollic-eabi/6.3.1/armv6-m/crtbegin.o

.rodata         0x08008228      0x458
                0x08008228                . = ALIGN (0x4)
 *(.rodata)
 .rodata        0x08008228       0x20 Drivers\STM32F0xx_HAL_Driver\Src\stm32f0xx_hal_rcc.o
 .rodata        0x08008248        0x5 Middlewares\Third_Party\FreeRTOS\Source\tasks.o
 *fill*         0x0800824d        0x3 
 .rodata        0x08008250      0x113 Src\main.o
 *fill*         0x08008363        0x1 
 .rodata        0x08008364       0x26 Src\trace.o
 *fill*         0x0800838a        0x2 
 .rodata        0x0800838c      0x117 Src\wifi.o
 *fill*         0x080084a3        0x1 
 .rodata        0x080084a4       0x40 c:/program files (x86)/atollic/truestudio for stm32 9.0.1/armtools/bin/../lib/gcc/arm-atollic-eabi/6.3.1/armv6-m\libgcc.a(divdf3.o)
 .rodata        0x080084e4       0x40 c:/program files (x86)/atollic/truestudio for stm32 9.0.1/armtools/bin/../lib/gcc/arm-atollic-eabi/6.3.1/armv6-m\libgcc.a(muldf3.o)
 *(.rodata*)
 .rodata.select_adc_channel
                0x08008524       0x28 Src\adc.o
 .rodata.select_pin
                0x0800854c       0x48 Src\digitial.o
 .rodata.STEUERVEKTOR_RE8_
                0x08008594       0x28 Src\fft.o
 .rodata.STEUERVEKTOR_IM8_
                0x080085bc       0x28 Src\fft.o
 .rodata.STEUERVEKTOR_RE10_
                0x080085e4       0x28 Src\fft.o
 .rodata.STEUERVEKTOR_IM10_
                0x0800860c       0x28 Src\fft.o
 .rodata.AHBPrescTable
                0x08008634       0x10 Src\system_stm32f0xx.o
                0x08008634                AHBPrescTable
 .rodata.APBPrescTable
                0x08008644        0x8 Src\system_stm32f0xx.o
                0x08008644                APBPrescTable
 .rodata._svfprintf_r.str1.1
                0x0800864c       0x11 c:/program files (x86)/atollic/truestudio for stm32 9.0.1/armtools/bin/../lib/gcc/arm-atollic-eabi/6.3.1/../../../../arm-atollic-eabi/lib/armv6-m\libc_nano.a(lib_a-nano-svfprintf.o)
 .rodata._printf_i.str1.1
                0x0800865d       0x22 c:/program files (x86)/atollic/truestudio for stm32 9.0.1/armtools/bin/../lib/gcc/arm-atollic-eabi/6.3.1/../../../../arm-atollic-eabi/lib/armv6-m\libc_nano.a(lib_a-nano-vfprintf_i.o)
                0x08008680                . = ALIGN (0x4)
 *fill*         0x0800867f        0x1 

.rel.dyn        0x08008680        0x0
 .rel.iplt      0x08008680        0x0 c:/program files (x86)/atollic/truestudio for stm32 9.0.1/armtools/bin/../lib/gcc/arm-atollic-eabi/6.3.1/armv6-m/crtbegin.o

.ARM.extab
 *(.ARM.extab* .gnu.linkonce.armextab.*)

.ARM            0x08008680        0x0
                0x08008680                __exidx_start = .
 *(.ARM.exidx*)
                0x08008680                __exidx_end = .

.preinit_array  0x08008680        0x0
                0x08008680                PROVIDE (__preinit_array_start, .)
 *(.preinit_array*)
                0x08008680                PROVIDE (__preinit_array_end, .)

.init_array     0x08008680        0x4
                0x08008680                PROVIDE (__init_array_start, .)
 *(SORT(.init_array.*))
 *(.init_array*)
 .init_array    0x08008680        0x4 c:/program files (x86)/atollic/truestudio for stm32 9.0.1/armtools/bin/../lib/gcc/arm-atollic-eabi/6.3.1/armv6-m/crtbegin.o
                0x08008684                PROVIDE (__init_array_end, .)

.fini_array     0x08008684        0x4
                [!provide]                PROVIDE (__fini_array_start, .)
 *(SORT(.fini_array.*))
 *(.fini_array*)
 .fini_array    0x08008684        0x4 c:/program files (x86)/atollic/truestudio for stm32 9.0.1/armtools/bin/../lib/gcc/arm-atollic-eabi/6.3.1/armv6-m/crtbegin.o
                [!provide]                PROVIDE (__fini_array_end, .)
                0x08008688                _sidata = LOADADDR (.data)

.data           0x20000000       0xd4 load address 0x08008688
                0x20000000                . = ALIGN (0x4)
                0x20000000                _sdata = .
 *(.data)
 *(.data*)
 .data.uxCriticalNesting
                0x20000000        0x4 Middlewares\Third_Party\FreeRTOS\Source\portable\GCC\ARM_CM0\port.o
 .data.motors   0x20000004       0x60 Src\motor.o
 .data.SystemCoreClock
                0x20000064        0x4 Src\system_stm32f0xx.o
                0x20000064                SystemCoreClock
 .data.trace_uart_ptr
                0x20000068        0x4 Src\trace.o
 .data.wlan_uart_ptr
                0x2000006c        0x4 Src\wifi.o
 .data._impure_ptr
                0x20000070        0x4 c:/program files (x86)/atollic/truestudio for stm32 9.0.1/armtools/bin/../lib/gcc/arm-atollic-eabi/6.3.1/../../../../arm-atollic-eabi/lib/armv6-m\libc_nano.a(lib_a-impure.o)
                0x20000070                _impure_ptr
 .data.impure_data
                0x20000074       0x60 c:/program files (x86)/atollic/truestudio for stm32 9.0.1/armtools/bin/../lib/gcc/arm-atollic-eabi/6.3.1/../../../../arm-atollic-eabi/lib/armv6-m\libc_nano.a(lib_a-impure.o)
                0x200000d4                . = ALIGN (0x4)
                0x200000d4                _edata = .

.igot.plt       0x200000d4        0x0 load address 0x0800875c
 .igot.plt      0x200000d4        0x0 c:/program files (x86)/atollic/truestudio for stm32 9.0.1/armtools/bin/../lib/gcc/arm-atollic-eabi/6.3.1/armv6-m/crtbegin.o
                0x200000d4                . = ALIGN (0x4)

.bss            0x200000d4     0x1c54 load address 0x0800875c
                0x200000d4                _sbss = .
                0x200000d4                __bss_start__ = _sbss
 *(.bss)
 .bss           0x200000d4       0x1c c:/program files (x86)/atollic/truestudio for stm32 9.0.1/armtools/bin/../lib/gcc/arm-atollic-eabi/6.3.1/armv6-m/crtbegin.o
 *(.bss*)
 .bss.ucHeap    0x200000f0     0x1770 Middlewares\Third_Party\FreeRTOS\Source\portable\MemMang\heap_4.o
 .bss.xStart    0x20001860        0x8 Middlewares\Third_Party\FreeRTOS\Source\portable\MemMang\heap_4.o
 .bss.pxEnd     0x20001868        0x4 Middlewares\Third_Party\FreeRTOS\Source\portable\MemMang\heap_4.o
 .bss.xFreeBytesRemaining
                0x2000186c        0x4 Middlewares\Third_Party\FreeRTOS\Source\portable\MemMang\heap_4.o
 .bss.xMinimumEverFreeBytesRemaining
                0x20001870        0x4 Middlewares\Third_Party\FreeRTOS\Source\portable\MemMang\heap_4.o
 .bss.xBlockAllocatedBit
                0x20001874        0x4 Middlewares\Third_Party\FreeRTOS\Source\portable\MemMang\heap_4.o
 .bss.pxCurrentTCB
                0x20001878        0x4 Middlewares\Third_Party\FreeRTOS\Source\tasks.o
                0x20001878                pxCurrentTCB
 .bss.pxReadyTasksLists
                0x2000187c       0x64 Middlewares\Third_Party\FreeRTOS\Source\tasks.o
 .bss.xDelayedTaskList1
                0x200018e0       0x14 Middlewares\Third_Party\FreeRTOS\Source\tasks.o
 .bss.xDelayedTaskList2
                0x200018f4       0x14 Middlewares\Third_Party\FreeRTOS\Source\tasks.o
 .bss.pxDelayedTaskList
                0x20001908        0x4 Middlewares\Third_Party\FreeRTOS\Source\tasks.o
 .bss.pxOverflowDelayedTaskList
                0x2000190c        0x4 Middlewares\Third_Party\FreeRTOS\Source\tasks.o
 .bss.xPendingReadyList
                0x20001910       0x14 Middlewares\Third_Party\FreeRTOS\Source\tasks.o
 .bss.xTasksWaitingTermination
                0x20001924       0x14 Middlewares\Third_Party\FreeRTOS\Source\tasks.o
 .bss.uxDeletedTasksWaitingCleanUp
                0x20001938        0x4 Middlewares\Third_Party\FreeRTOS\Source\tasks.o
 .bss.xSuspendedTaskList
                0x2000193c       0x14 Middlewares\Third_Party\FreeRTOS\Source\tasks.o
 .bss.uxCurrentNumberOfTasks
                0x20001950        0x4 Middlewares\Third_Party\FreeRTOS\Source\tasks.o
 .bss.xTickCount
                0x20001954        0x4 Middlewares\Third_Party\FreeRTOS\Source\tasks.o
 .bss.uxTopReadyPriority
                0x20001958        0x4 Middlewares\Third_Party\FreeRTOS\Source\tasks.o
 .bss.xSchedulerRunning
                0x2000195c        0x4 Middlewares\Third_Party\FreeRTOS\Source\tasks.o
 .bss.uxPendedTicks
                0x20001960        0x4 Middlewares\Third_Party\FreeRTOS\Source\tasks.o
 .bss.xYieldPending
                0x20001964        0x4 Middlewares\Third_Party\FreeRTOS\Source\tasks.o
 .bss.xNumOfOverflows
                0x20001968        0x4 Middlewares\Third_Party\FreeRTOS\Source\tasks.o
 .bss.uxTaskNumber
                0x2000196c        0x4 Middlewares\Third_Party\FreeRTOS\Source\tasks.o
 .bss.xNextTaskUnblockTime
                0x20001970        0x4 Middlewares\Third_Party\FreeRTOS\Source\tasks.o
 .bss.xIdleTaskHandle
                0x20001974        0x4 Middlewares\Third_Party\FreeRTOS\Source\tasks.o
 .bss.uxSchedulerSuspended
                0x20001978        0x4 Middlewares\Third_Party\FreeRTOS\Source\tasks.o
 .bss.heap_end.7649
                0x2000197c        0x4 Src\dorobo32.o
 .bss.ft_sample_index
                0x20001980        0x1 Src\fft.o
 .bss.ft_samples_ready
                0x20001981        0x1 Src\fft.o
 .bss.leftIRSensor
                0x20001982        0x1 Src\fft.o
 *fill*         0x20001983        0x1 
 .bss.signal1_  0x20001984       0x28 Src\fft.o
 .bss.sampling_finished
                0x200019ac        0x4 Src\fft.o
 .bss.trace_buf
                0x200019b0       0x50 Src\trace.o
 .bss.rx_buf    0x20001a00        0xa Src\wifi.o
 *fill*         0x20001a0a        0x2 
 .bss.__malloc_free_list
                0x20001a0c        0x4 c:/program files (x86)/atollic/truestudio for stm32 9.0.1/armtools/bin/../lib/gcc/arm-atollic-eabi/6.3.1/../../../../arm-atollic-eabi/lib/armv6-m\libc_nano.a(lib_a-nano-mallocr.o)
                0x20001a0c                __malloc_free_list
 .bss.__malloc_sbrk_start
                0x20001a10        0x4 c:/program files (x86)/atollic/truestudio for stm32 9.0.1/armtools/bin/../lib/gcc/arm-atollic-eabi/6.3.1/../../../../arm-atollic-eabi/lib/armv6-m\libc_nano.a(lib_a-nano-mallocr.o)
                0x20001a10                __malloc_sbrk_start
 *(COMMON)
 COMMON         0x20001a14        0x4 Drivers\STM32F0xx_HAL_Driver\Src\stm32f0xx_hal.o
                0x20001a14                uwTick
 COMMON         0x20001a18      0x2b0 Src\init.o
                0x20001a18                defaultTaskHandle
                0x20001a1c                htim15
                0x20001a5c                htim17
                0x20001a9c                htim3
                0x20001adc                huart1
                0x20001b4c                htim6
                0x20001b8c                htim2
                0x20001bcc                huart2
                0x20001c3c                hadc
                0x20001c88                htim16
 COMMON         0x20001cc8       0x1c Src\motor.o
                0x20001cc8                sConfigOC
 COMMON         0x20001ce4       0x40 Src\stm32f0xx_hal_timebase_TIM.o
                0x20001ce4                htim14
 COMMON         0x20001d24        0x4 c:/program files (x86)/atollic/truestudio for stm32 9.0.1/armtools/bin/../lib/gcc/arm-atollic-eabi/6.3.1/../../../../arm-atollic-eabi/lib/armv6-m\libc_nano.a(lib_a-reent.o)
                0x20001d24                errno
                0x20001d28                . = ALIGN (0x4)
                0x20001d28                _ebss = .
                0x20001d28                __bss_end__ = _ebss

._user_heap_stack
                0x20001d28      0x600 load address 0x0800875c
                0x20001d28                . = ALIGN (0x4)
                [!provide]                PROVIDE (end, .)
                [!provide]                PROVIDE (_end, .)
                0x20001f28                . = (. + _Min_Heap_Size)
 *fill*         0x20001d28      0x200 
                0x20002328                . = (. + _Min_Stack_Size)
 *fill*         0x20001f28      0x400 
                0x20002328                . = ALIGN (0x4)

/DISCARD/
 libc.a(*)
 libm.a(*)
 libgcc.a(*)

.ARM.attributes
                0x00000000       0x28
 *(.ARM.attributes)
 .ARM.attributes
                0x00000000       0x1e c:/program files (x86)/atollic/truestudio for stm32 9.0.1/armtools/bin/../lib/gcc/arm-atollic-eabi/6.3.1/armv6-m/crti.o
 .ARM.attributes
                0x0000001e       0x2c c:/program files (x86)/atollic/truestudio for stm32 9.0.1/armtools/bin/../lib/gcc/arm-atollic-eabi/6.3.1/armv6-m/crtbegin.o
 .ARM.attributes
                0x0000004a       0x31 Drivers\STM32F0xx_HAL_Driver\Src\stm32f0xx_hal.o
 .ARM.attributes
                0x0000007b       0x31 Drivers\STM32F0xx_HAL_Driver\Src\stm32f0xx_hal_adc.o
 .ARM.attributes
                0x000000ac       0x31 Drivers\STM32F0xx_HAL_Driver\Src\stm32f0xx_hal_cortex.o
 .ARM.attributes
                0x000000dd       0x31 Drivers\STM32F0xx_HAL_Driver\Src\stm32f0xx_hal_dma.o
 .ARM.attributes
                0x0000010e       0x31 Drivers\STM32F0xx_HAL_Driver\Src\stm32f0xx_hal_gpio.o
 .ARM.attributes
                0x0000013f       0x31 Drivers\STM32F0xx_HAL_Driver\Src\stm32f0xx_hal_rcc.o
 .ARM.attributes
                0x00000170       0x31 Drivers\STM32F0xx_HAL_Driver\Src\stm32f0xx_hal_rcc_ex.o
 .ARM.attributes
                0x000001a1       0x31 Drivers\STM32F0xx_HAL_Driver\Src\stm32f0xx_hal_tim.o
 .ARM.attributes
                0x000001d2       0x31 Drivers\STM32F0xx_HAL_Driver\Src\stm32f0xx_hal_tim_ex.o
 .ARM.attributes
                0x00000203       0x31 Drivers\STM32F0xx_HAL_Driver\Src\stm32f0xx_hal_uart.o
 .ARM.attributes
                0x00000234       0x31 Drivers\STM32F0xx_HAL_Driver\Src\stm32f0xx_hal_uart_ex.o
 .ARM.attributes
                0x00000265       0x31 Middlewares\Third_Party\FreeRTOS\Source\CMSIS_RTOS\cmsis_os.o
 .ARM.attributes
                0x00000296       0x31 Middlewares\Third_Party\FreeRTOS\Source\list.o
 .ARM.attributes
                0x000002c7       0x31 Middlewares\Third_Party\FreeRTOS\Source\portable\GCC\ARM_CM0\port.o
 .ARM.attributes
                0x000002f8       0x31 Middlewares\Third_Party\FreeRTOS\Source\portable\MemMang\heap_4.o
 .ARM.attributes
                0x00000329       0x31 Middlewares\Third_Party\FreeRTOS\Source\tasks.o
 .ARM.attributes
                0x0000035a       0x31 Src\adc.o
 .ARM.attributes
                0x0000038b       0x31 Src\digitial.o
 .ARM.attributes
                0x000003bc       0x31 Src\dorobo32.o
 .ARM.attributes
                0x000003ed       0x31 Src\fft.o
 .ARM.attributes
                0x0000041e       0x31 Src\init.o
 .ARM.attributes
                0x0000044f       0x31 Src\main.o
 .ARM.attributes
                0x00000480       0x31 Src\motor.o
 .ARM.attributes
                0x000004b1       0x31 Src\stm32f0xx_hal_msp.o
 .ARM.attributes
                0x000004e2       0x31 Src\stm32f0xx_hal_timebase_TIM.o
 .ARM.attributes
                0x00000513       0x31 Src\stm32f0xx_it.o
 .ARM.attributes
                0x00000544       0x31 Src\system_stm32f0xx.o
 .ARM.attributes
                0x00000575       0x31 Src\trace.o
 .ARM.attributes
                0x000005a6       0x31 Src\wifi.o
 .ARM.attributes
                0x000005d7       0x21 startup\startup_stm32f072xb.o
 .ARM.attributes
                0x000005f8       0x2c c:/program files (x86)/atollic/truestudio for stm32 9.0.1/armtools/bin/../lib/gcc/arm-atollic-eabi/6.3.1/../../../../arm-atollic-eabi/lib/armv6-m\libc_nano.a(lib_a-errno.o)
 .ARM.attributes
                0x00000624       0x2c c:/program files (x86)/atollic/truestudio for stm32 9.0.1/armtools/bin/../lib/gcc/arm-atollic-eabi/6.3.1/../../../../arm-atollic-eabi/lib/armv6-m\libc_nano.a(lib_a-impure.o)
 .ARM.attributes
                0x00000650       0x2c c:/program files (x86)/atollic/truestudio for stm32 9.0.1/armtools/bin/../lib/gcc/arm-atollic-eabi/6.3.1/../../../../arm-atollic-eabi/lib/armv6-m\libc_nano.a(lib_a-init.o)
 .ARM.attributes
                0x0000067c       0x2c c:/program files (x86)/atollic/truestudio for stm32 9.0.1/armtools/bin/../lib/gcc/arm-atollic-eabi/6.3.1/../../../../arm-atollic-eabi/lib/armv6-m\libc_nano.a(lib_a-memcpy-stub.o)
 .ARM.attributes
                0x000006a8       0x2c c:/program files (x86)/atollic/truestudio for stm32 9.0.1/armtools/bin/../lib/gcc/arm-atollic-eabi/6.3.1/../../../../arm-atollic-eabi/lib/armv6-m\libc_nano.a(lib_a-memset.o)
 .ARM.attributes
                0x000006d4       0x1c c:/program files (x86)/atollic/truestudio for stm32 9.0.1/armtools/bin/../lib/gcc/arm-atollic-eabi/6.3.1/../../../../arm-atollic-eabi/lib/armv6-m\libc_nano.a(lib_a-strlen.o)
 .ARM.attributes
                0x000006f0       0x2c c:/program files (x86)/atollic/truestudio for stm32 9.0.1/armtools/bin/../lib/gcc/arm-atollic-eabi/6.3.1/../../../../arm-atollic-eabi/lib/armv6-m\libc_nano.a(lib_a-vsnprintf.o)
 .ARM.attributes
                0x0000071c       0x2c c:/program files (x86)/atollic/truestudio for stm32 9.0.1/armtools/bin/../lib/gcc/arm-atollic-eabi/6.3.1/../../../../arm-atollic-eabi/lib/armv6-m\libc_nano.a(lib_a-nano-svfprintf.o)
 .ARM.attributes
                0x00000748       0x2c c:/program files (x86)/atollic/truestudio for stm32 9.0.1/armtools/bin/../lib/gcc/arm-atollic-eabi/6.3.1/../../../../arm-atollic-eabi/lib/armv6-m\libc_nano.a(lib_a-nano-vfprintf_i.o)
 .ARM.attributes
                0x00000774       0x2c c:/program files (x86)/atollic/truestudio for stm32 9.0.1/armtools/bin/../lib/gcc/arm-atollic-eabi/6.3.1/../../../../arm-atollic-eabi/lib/armv6-m\libc_nano.a(lib_a-memchr-stub.o)
 .ARM.attributes
                0x000007a0       0x2c c:/program files (x86)/atollic/truestudio for stm32 9.0.1/armtools/bin/../lib/gcc/arm-atollic-eabi/6.3.1/../../../../arm-atollic-eabi/lib/armv6-m\libc_nano.a(lib_a-memmove.o)
 .ARM.attributes
                0x000007cc       0x2c c:/program files (x86)/atollic/truestudio for stm32 9.0.1/armtools/bin/../lib/gcc/arm-atollic-eabi/6.3.1/../../../../arm-atollic-eabi/lib/armv6-m\libc_nano.a(lib_a-nano-freer.o)
 .ARM.attributes
                0x000007f8       0x2c c:/program files (x86)/atollic/truestudio for stm32 9.0.1/armtools/bin/../lib/gcc/arm-atollic-eabi/6.3.1/../../../../arm-atollic-eabi/lib/armv6-m\libc_nano.a(lib_a-nano-mallocr.o)
 .ARM.attributes
                0x00000824       0x2c c:/program files (x86)/atollic/truestudio for stm32 9.0.1/armtools/bin/../lib/gcc/arm-atollic-eabi/6.3.1/../../../../arm-atollic-eabi/lib/armv6-m\libc_nano.a(lib_a-nano-reallocr.o)
 .ARM.attributes
                0x00000850       0x2c c:/program files (x86)/atollic/truestudio for stm32 9.0.1/armtools/bin/../lib/gcc/arm-atollic-eabi/6.3.1/../../../../arm-atollic-eabi/lib/armv6-m\libc_nano.a(lib_a-sbrkr.o)
 .ARM.attributes
                0x0000087c       0x2c c:/program files (x86)/atollic/truestudio for stm32 9.0.1/armtools/bin/../lib/gcc/arm-atollic-eabi/6.3.1/../../../../arm-atollic-eabi/lib/armv6-m\libc_nano.a(lib_a-mlock.o)
 .ARM.attributes
                0x000008a8       0x2c c:/program files (x86)/atollic/truestudio for stm32 9.0.1/armtools/bin/../lib/gcc/arm-atollic-eabi/6.3.1/../../../../arm-atollic-eabi/lib/armv6-m\libc_nano.a(lib_a-nano-msizer.o)
 .ARM.attributes
                0x000008d4       0x2c c:/program files (x86)/atollic/truestudio for stm32 9.0.1/armtools/bin/../lib/gcc/arm-atollic-eabi/6.3.1/../../../../arm-atollic-eabi/lib/armv6-m\libc_nano.a(lib_a-reent.o)
 .ARM.attributes
                0x00000900       0x1e c:/program files (x86)/atollic/truestudio for stm32 9.0.1/armtools/bin/../lib/gcc/arm-atollic-eabi/6.3.1/armv6-m\libgcc.a(_udivsi3.o)
 .ARM.attributes
                0x0000091e       0x1e c:/program files (x86)/atollic/truestudio for stm32 9.0.1/armtools/bin/../lib/gcc/arm-atollic-eabi/6.3.1/armv6-m\libgcc.a(_dvmd_tls.o)
 .ARM.attributes
                0x0000093c       0x2c c:/program files (x86)/atollic/truestudio for stm32 9.0.1/armtools/bin/../lib/gcc/arm-atollic-eabi/6.3.1/armv6-m\libgcc.a(divdf3.o)
 .ARM.attributes
                0x00000968       0x2c c:/program files (x86)/atollic/truestudio for stm32 9.0.1/armtools/bin/../lib/gcc/arm-atollic-eabi/6.3.1/armv6-m\libgcc.a(muldf3.o)
 .ARM.attributes
                0x00000994       0x2c c:/program files (x86)/atollic/truestudio for stm32 9.0.1/armtools/bin/../lib/gcc/arm-atollic-eabi/6.3.1/armv6-m\libgcc.a(floatunsidf.o)
 .ARM.attributes
                0x000009c0       0x2c c:/program files (x86)/atollic/truestudio for stm32 9.0.1/armtools/bin/../lib/gcc/arm-atollic-eabi/6.3.1/armv6-m\libgcc.a(extendsfdf2.o)
 .ARM.attributes
                0x000009ec       0x2c c:/program files (x86)/atollic/truestudio for stm32 9.0.1/armtools/bin/../lib/gcc/arm-atollic-eabi/6.3.1/armv6-m\libgcc.a(truncdfsf2.o)
 .ARM.attributes
                0x00000a18       0x1e c:/program files (x86)/atollic/truestudio for stm32 9.0.1/armtools/bin/../lib/gcc/arm-atollic-eabi/6.3.1/armv6-m\libgcc.a(_clzsi2.o)
 .ARM.attributes
                0x00000a36       0x1e c:/program files (x86)/atollic/truestudio for stm32 9.0.1/armtools/bin/../lib/gcc/arm-atollic-eabi/6.3.1/armv6-m/crtn.o
OUTPUT(DoroboGenerated.elf elf32-littlearm)

.debug_info     0x00000000    0x206e0
 .debug_info    0x00000000      0xdf4 Drivers\STM32F0xx_HAL_Driver\Src\stm32f0xx_hal.o
 .debug_info    0x00000df4     0x1453 Drivers\STM32F0xx_HAL_Driver\Src\stm32f0xx_hal_adc.o
 .debug_info    0x00002247      0xf3b Drivers\STM32F0xx_HAL_Driver\Src\stm32f0xx_hal_cortex.o
 .debug_info    0x00003182      0xf61 Drivers\STM32F0xx_HAL_Driver\Src\stm32f0xx_hal_dma.o
 .debug_info    0x000040e3      0xe52 Drivers\STM32F0xx_HAL_Driver\Src\stm32f0xx_hal_gpio.o
 .debug_info    0x00004f35      0xfa9 Drivers\STM32F0xx_HAL_Driver\Src\stm32f0xx_hal_rcc.o
 .debug_info    0x00005ede      0xe35 Drivers\STM32F0xx_HAL_Driver\Src\stm32f0xx_hal_rcc_ex.o
 .debug_info    0x00006d13     0x2a93 Drivers\STM32F0xx_HAL_Driver\Src\stm32f0xx_hal_tim.o
 .debug_info    0x000097a6     0x183f Drivers\STM32F0xx_HAL_Driver\Src\stm32f0xx_hal_tim_ex.o
 .debug_info    0x0000afe5     0x1b55 Drivers\STM32F0xx_HAL_Driver\Src\stm32f0xx_hal_uart.o
 .debug_info    0x0000cb3a     0x10a5 Drivers\STM32F0xx_HAL_Driver\Src\stm32f0xx_hal_uart_ex.o
 .debug_info    0x0000dbdf     0x1a77 Middlewares\Third_Party\FreeRTOS\Source\CMSIS_RTOS\cmsis_os.o
 .debug_info    0x0000f656      0xac3 Middlewares\Third_Party\FreeRTOS\Source\list.o
 .debug_info    0x00010119      0x258 Middlewares\Third_Party\FreeRTOS\Source\portable\GCC\ARM_CM0\port.o
 .debug_info    0x00010371      0xb1c Middlewares\Third_Party\FreeRTOS\Source\portable\MemMang\heap_4.o
 .debug_info    0x00010e8d     0x1d81 Middlewares\Third_Party\FreeRTOS\Source\tasks.o
 .debug_info    0x00012c0e      0xe6f Src\adc.o
 .debug_info    0x00013a7d      0xcc9 Src\digitial.o
 .debug_info    0x00014746      0xbba Src\dorobo32.o
 .debug_info    0x00015300     0x1097 Src\fft.o
 .debug_info    0x00016397     0x1bde Src\init.o
 .debug_info    0x00017f75     0x10f8 Src\main.o
 .debug_info    0x0001906d     0x1092 Src\motor.o
 .debug_info    0x0001a0ff     0x17db Src\stm32f0xx_hal_msp.o
 .debug_info    0x0001b8da     0x1071 Src\stm32f0xx_hal_timebase_TIM.o
 .debug_info    0x0001c94b     0x111c Src\stm32f0xx_it.o
 .debug_info    0x0001da67      0xa63 Src\system_stm32f0xx.o
 .debug_info    0x0001e4ca     0x1015 Src\trace.o
 .debug_info    0x0001f4df     0x118c Src\wifi.o
 .debug_info    0x0002066b       0x75 startup\startup_stm32f072xb.o

.debug_abbrev   0x00000000     0x4396
 .debug_abbrev  0x00000000      0x266 Drivers\STM32F0xx_HAL_Driver\Src\stm32f0xx_hal.o
 .debug_abbrev  0x00000266      0x264 Drivers\STM32F0xx_HAL_Driver\Src\stm32f0xx_hal_adc.o
 .debug_abbrev  0x000004ca      0x30f Drivers\STM32F0xx_HAL_Driver\Src\stm32f0xx_hal_cortex.o
 .debug_abbrev  0x000007d9      0x282 Drivers\STM32F0xx_HAL_Driver\Src\stm32f0xx_hal_dma.o
 .debug_abbrev  0x00000a5b      0x24c Drivers\STM32F0xx_HAL_Driver\Src\stm32f0xx_hal_gpio.o
 .debug_abbrev  0x00000ca7      0x281 Drivers\STM32F0xx_HAL_Driver\Src\stm32f0xx_hal_rcc.o
 .debug_abbrev  0x00000f28      0x255 Drivers\STM32F0xx_HAL_Driver\Src\stm32f0xx_hal_rcc_ex.o
 .debug_abbrev  0x0000117d      0x2ab Drivers\STM32F0xx_HAL_Driver\Src\stm32f0xx_hal_tim.o
 .debug_abbrev  0x00001428      0x288 Drivers\STM32F0xx_HAL_Driver\Src\stm32f0xx_hal_tim_ex.o
 .debug_abbrev  0x000016b0      0x271 Drivers\STM32F0xx_HAL_Driver\Src\stm32f0xx_hal_uart.o
 .debug_abbrev  0x00001921      0x24e Drivers\STM32F0xx_HAL_Driver\Src\stm32f0xx_hal_uart_ex.o
 .debug_abbrev  0x00001b6f      0x329 Middlewares\Third_Party\FreeRTOS\Source\CMSIS_RTOS\cmsis_os.o
 .debug_abbrev  0x00001e98      0x1c5 Middlewares\Third_Party\FreeRTOS\Source\list.o
 .debug_abbrev  0x0000205d      0x184 Middlewares\Third_Party\FreeRTOS\Source\portable\GCC\ARM_CM0\port.o
 .debug_abbrev  0x000021e1      0x23a Middlewares\Third_Party\FreeRTOS\Source\portable\MemMang\heap_4.o
 .debug_abbrev  0x0000241b      0x2fe Middlewares\Third_Party\FreeRTOS\Source\tasks.o
 .debug_abbrev  0x00002719      0x218 Src\adc.o
 .debug_abbrev  0x00002931      0x21a Src\digitial.o
 .debug_abbrev  0x00002b4b      0x265 Src\dorobo32.o
 .debug_abbrev  0x00002db0      0x294 Src\fft.o
 .debug_abbrev  0x00003044      0x258 Src\init.o
 .debug_abbrev  0x0000329c      0x24c Src\main.o
 .debug_abbrev  0x000034e8      0x254 Src\motor.o
 .debug_abbrev  0x0000373c      0x26d Src\stm32f0xx_hal_msp.o
 .debug_abbrev  0x000039a9      0x207 Src\stm32f0xx_hal_timebase_TIM.o
 .debug_abbrev  0x00003bb0      0x1ac Src\stm32f0xx_it.o
 .debug_abbrev  0x00003d5c      0x1ca Src\system_stm32f0xx.o
 .debug_abbrev  0x00003f26      0x207 Src\trace.o
 .debug_abbrev  0x0000412d      0x257 Src\wifi.o
 .debug_abbrev  0x00004384       0x12 startup\startup_stm32f072xb.o

.debug_aranges  0x00000000     0x1400
 .debug_aranges
                0x00000000       0xb8 Drivers\STM32F0xx_HAL_Driver\Src\stm32f0xx_hal.o
 .debug_aranges
                0x000000b8       0xf8 Drivers\STM32F0xx_HAL_Driver\Src\stm32f0xx_hal_adc.o
 .debug_aranges
                0x000001b0       0xc0 Drivers\STM32F0xx_HAL_Driver\Src\stm32f0xx_hal_cortex.o
 .debug_aranges
                0x00000270       0x88 Drivers\STM32F0xx_HAL_Driver\Src\stm32f0xx_hal_dma.o
 .debug_aranges
                0x000002f8       0x58 Drivers\STM32F0xx_HAL_Driver\Src\stm32f0xx_hal_gpio.o
 .debug_aranges
                0x00000350       0x80 Drivers\STM32F0xx_HAL_Driver\Src\stm32f0xx_hal_rcc.o
 .debug_aranges
                0x000003d0       0x78 Drivers\STM32F0xx_HAL_Driver\Src\stm32f0xx_hal_rcc_ex.o
 .debug_aranges
                0x00000448      0x378 Drivers\STM32F0xx_HAL_Driver\Src\stm32f0xx_hal_tim.o
 .debug_aranges
                0x000007c0      0x148 Drivers\STM32F0xx_HAL_Driver\Src\stm32f0xx_hal_tim_ex.o
 .debug_aranges
                0x00000908      0x1d8 Drivers\STM32F0xx_HAL_Driver\Src\stm32f0xx_hal_uart.o
 .debug_aranges
                0x00000ae0       0x60 Drivers\STM32F0xx_HAL_Driver\Src\stm32f0xx_hal_uart_ex.o
 .debug_aranges
                0x00000b40      0x1d8 Middlewares\Third_Party\FreeRTOS\Source\CMSIS_RTOS\cmsis_os.o
 .debug_aranges
                0x00000d18       0x40 Middlewares\Third_Party\FreeRTOS\Source\list.o
 .debug_aranges
                0x00000d58       0x88 Middlewares\Third_Party\FreeRTOS\Source\portable\GCC\ARM_CM0\port.o
 .debug_aranges
                0x00000de0       0x50 Middlewares\Third_Party\FreeRTOS\Source\portable\MemMang\heap_4.o
 .debug_aranges
                0x00000e30      0x1b0 Middlewares\Third_Party\FreeRTOS\Source\tasks.o
 .debug_aranges
                0x00000fe0       0x40 Src\adc.o
 .debug_aranges
                0x00001020       0x48 Src\digitial.o
 .debug_aranges
                0x00001068       0x58 Src\dorobo32.o
 .debug_aranges
                0x000010c0       0x50 Src\fft.o
 .debug_aranges
                0x00001110       0x80 Src\init.o
 .debug_aranges
                0x00001190       0x50 Src\main.o
 .debug_aranges
                0x000011e0       0x40 Src\motor.o
 .debug_aranges
                0x00001220       0x68 Src\stm32f0xx_hal_msp.o
 .debug_aranges
                0x00001288       0x30 Src\stm32f0xx_hal_timebase_TIM.o
 .debug_aranges
                0x000012b8       0x40 Src\stm32f0xx_it.o
 .debug_aranges
                0x000012f8       0x28 Src\system_stm32f0xx.o
 .debug_aranges
                0x00001320       0x48 Src\trace.o
 .debug_aranges
                0x00001368       0x70 Src\wifi.o
 .debug_aranges
                0x000013d8       0x28 startup\startup_stm32f072xb.o

.debug_ranges   0x00000000     0x1228
 .debug_ranges  0x00000000       0xa8 Drivers\STM32F0xx_HAL_Driver\Src\stm32f0xx_hal.o
 .debug_ranges  0x000000a8       0xe8 Drivers\STM32F0xx_HAL_Driver\Src\stm32f0xx_hal_adc.o
 .debug_ranges  0x00000190       0xb0 Drivers\STM32F0xx_HAL_Driver\Src\stm32f0xx_hal_cortex.o
 .debug_ranges  0x00000240       0x78 Drivers\STM32F0xx_HAL_Driver\Src\stm32f0xx_hal_dma.o
 .debug_ranges  0x000002b8       0x48 Drivers\STM32F0xx_HAL_Driver\Src\stm32f0xx_hal_gpio.o
 .debug_ranges  0x00000300       0x70 Drivers\STM32F0xx_HAL_Driver\Src\stm32f0xx_hal_rcc.o
 .debug_ranges  0x00000370       0x68 Drivers\STM32F0xx_HAL_Driver\Src\stm32f0xx_hal_rcc_ex.o
 .debug_ranges  0x000003d8      0x368 Drivers\STM32F0xx_HAL_Driver\Src\stm32f0xx_hal_tim.o
 .debug_ranges  0x00000740      0x138 Drivers\STM32F0xx_HAL_Driver\Src\stm32f0xx_hal_tim_ex.o
 .debug_ranges  0x00000878      0x1c8 Drivers\STM32F0xx_HAL_Driver\Src\stm32f0xx_hal_uart.o
 .debug_ranges  0x00000a40       0x50 Drivers\STM32F0xx_HAL_Driver\Src\stm32f0xx_hal_uart_ex.o
 .debug_ranges  0x00000a90      0x1c8 Middlewares\Third_Party\FreeRTOS\Source\CMSIS_RTOS\cmsis_os.o
 .debug_ranges  0x00000c58       0x30 Middlewares\Third_Party\FreeRTOS\Source\list.o
 .debug_ranges  0x00000c88       0x78 Middlewares\Third_Party\FreeRTOS\Source\portable\GCC\ARM_CM0\port.o
 .debug_ranges  0x00000d00       0x40 Middlewares\Third_Party\FreeRTOS\Source\portable\MemMang\heap_4.o
 .debug_ranges  0x00000d40      0x1a0 Middlewares\Third_Party\FreeRTOS\Source\tasks.o
 .debug_ranges  0x00000ee0       0x30 Src\adc.o
 .debug_ranges  0x00000f10       0x38 Src\digitial.o
 .debug_ranges  0x00000f48       0x48 Src\dorobo32.o
 .debug_ranges  0x00000f90       0x40 Src\fft.o
 .debug_ranges  0x00000fd0       0x70 Src\init.o
 .debug_ranges  0x00001040       0x40 Src\main.o
 .debug_ranges  0x00001080       0x30 Src\motor.o
 .debug_ranges  0x000010b0       0x58 Src\stm32f0xx_hal_msp.o
 .debug_ranges  0x00001108       0x20 Src\stm32f0xx_hal_timebase_TIM.o
 .debug_ranges  0x00001128       0x30 Src\stm32f0xx_it.o
 .debug_ranges  0x00001158       0x18 Src\system_stm32f0xx.o
 .debug_ranges  0x00001170       0x38 Src\trace.o
 .debug_ranges  0x000011a8       0x60 Src\wifi.o
 .debug_ranges  0x00001208       0x20 startup\startup_stm32f072xb.o

.debug_line     0x00000000     0xa2a0
 .debug_line    0x00000000      0x403 Drivers\STM32F0xx_HAL_Driver\Src\stm32f0xx_hal.o
 .debug_line    0x00000403      0x82e Drivers\STM32F0xx_HAL_Driver\Src\stm32f0xx_hal_adc.o
 .debug_line    0x00000c31      0x429 Drivers\STM32F0xx_HAL_Driver\Src\stm32f0xx_hal_cortex.o
 .debug_line    0x0000105a      0x49e Drivers\STM32F0xx_HAL_Driver\Src\stm32f0xx_hal_dma.o
 .debug_line    0x000014f8      0x41e Drivers\STM32F0xx_HAL_Driver\Src\stm32f0xx_hal_gpio.o
 .debug_line    0x00001916      0x52e Drivers\STM32F0xx_HAL_Driver\Src\stm32f0xx_hal_rcc.o
 .debug_line    0x00001e44      0x4e0 Drivers\STM32F0xx_HAL_Driver\Src\stm32f0xx_hal_rcc_ex.o
 .debug_line    0x00002324     0x1578 Drivers\STM32F0xx_HAL_Driver\Src\stm32f0xx_hal_tim.o
 .debug_line    0x0000389c      0x91b Drivers\STM32F0xx_HAL_Driver\Src\stm32f0xx_hal_tim_ex.o
 .debug_line    0x000041b7      0xc72 Drivers\STM32F0xx_HAL_Driver\Src\stm32f0xx_hal_uart.o
 .debug_line    0x00004e29      0x42b Drivers\STM32F0xx_HAL_Driver\Src\stm32f0xx_hal_uart_ex.o
 .debug_line    0x00005254      0x91b Middlewares\Third_Party\FreeRTOS\Source\CMSIS_RTOS\cmsis_os.o
 .debug_line    0x00005b6f      0x363 Middlewares\Third_Party\FreeRTOS\Source\list.o
 .debug_line    0x00005ed2      0x2f1 Middlewares\Third_Party\FreeRTOS\Source\portable\GCC\ARM_CM0\port.o
 .debug_line    0x000061c3      0x389 Middlewares\Third_Party\FreeRTOS\Source\portable\MemMang\heap_4.o
 .debug_line    0x0000654c      0xcd1 Middlewares\Third_Party\FreeRTOS\Source\tasks.o
 .debug_line    0x0000721d      0x2e7 Src\adc.o
 .debug_line    0x00007504      0x326 Src\digitial.o
 .debug_line    0x0000782a      0x373 Src\dorobo32.o
 .debug_line    0x00007b9d      0x39e Src\fft.o
 .debug_line    0x00007f3b      0x57d Src\init.o
 .debug_line    0x000084b8      0x41b Src\main.o
 .debug_line    0x000088d3      0x352 Src\motor.o
 .debug_line    0x00008c25      0x42b Src\stm32f0xx_hal_msp.o
 .debug_line    0x00009050      0x2dd Src\stm32f0xx_hal_timebase_TIM.o
 .debug_line    0x0000932d      0x2e0 Src\stm32f0xx_it.o
 .debug_line    0x0000960d      0x256 Src\system_stm32f0xx.o
 .debug_line    0x00009863      0x38b Src\trace.o
 .debug_line    0x00009bee      0x62f Src\wifi.o
 .debug_line    0x0000a21d       0x83 startup\startup_stm32f072xb.o

.debug_str      0x00000000     0x5f12
 .debug_str     0x00000000      0x9cd Drivers\STM32F0xx_HAL_Driver\Src\stm32f0xx_hal.o
                                0xa60 (size before relaxing)
 .debug_str     0x000009cd      0x64a Drivers\STM32F0xx_HAL_Driver\Src\stm32f0xx_hal_adc.o
                                0xce2 (size before relaxing)
 .debug_str     0x00001017      0x1ef Drivers\STM32F0xx_HAL_Driver\Src\stm32f0xx_hal_cortex.o
                                0xaa4 (size before relaxing)
 .debug_str     0x00001206      0x248 Drivers\STM32F0xx_HAL_Driver\Src\stm32f0xx_hal_dma.o
                                0xa6a (size before relaxing)
 .debug_str     0x0000144e      0x1c1 Drivers\STM32F0xx_HAL_Driver\Src\stm32f0xx_hal_gpio.o
                                0x867 (size before relaxing)
 .debug_str     0x0000160f      0x2ff Drivers\STM32F0xx_HAL_Driver\Src\stm32f0xx_hal_rcc.o
                                0xa24 (size before relaxing)
 .debug_str     0x0000190e      0x35a Drivers\STM32F0xx_HAL_Driver\Src\stm32f0xx_hal_rcc_ex.o
                                0xa35 (size before relaxing)
 .debug_str     0x00001c68      0xf01 Drivers\STM32F0xx_HAL_Driver\Src\stm32f0xx_hal_tim.o
                               0x178d (size before relaxing)
 .debug_str     0x00002b69      0x543 Drivers\STM32F0xx_HAL_Driver\Src\stm32f0xx_hal_tim_ex.o
                               0x10a2 (size before relaxing)
 .debug_str     0x000030ac      0x86d Drivers\STM32F0xx_HAL_Driver\Src\stm32f0xx_hal_uart.o
                               0x114c (size before relaxing)
 .debug_str     0x00003919      0x191 Drivers\STM32F0xx_HAL_Driver\Src\stm32f0xx_hal_uart_ex.o
                                0xc48 (size before relaxing)
 .debug_str     0x00003aaa      0x840 Middlewares\Third_Party\FreeRTOS\Source\CMSIS_RTOS\cmsis_os.o
                                0xf02 (size before relaxing)
 .debug_str     0x000042ea      0x159 Middlewares\Third_Party\FreeRTOS\Source\list.o
                                0x72d (size before relaxing)
 .debug_str     0x00004443      0x1aa Middlewares\Third_Party\FreeRTOS\Source\portable\GCC\ARM_CM0\port.o
                                0x371 (size before relaxing)
 .debug_str     0x000045ed      0x1ff Middlewares\Third_Party\FreeRTOS\Source\portable\MemMang\heap_4.o
                                0x7d8 (size before relaxing)
 .debug_str     0x000047ec      0xb08 Middlewares\Third_Party\FreeRTOS\Source\tasks.o
                               0x1284 (size before relaxing)
 .debug_str     0x000052f4      0x129 Src\adc.o
                                0xa98 (size before relaxing)
 .debug_str     0x0000541d      0x291 Src\digitial.o
                                0x8e2 (size before relaxing)
 .debug_str     0x000056ae       0xc0 Src\dorobo32.o
                                0x736 (size before relaxing)
 .debug_str     0x0000576e      0x1df Src\fft.o
                                0xca6 (size before relaxing)
 .debug_str     0x0000594d      0x10b Src\init.o
                               0x14f8 (size before relaxing)
 .debug_str     0x00005a58       0xca Src\main.o
                                0xd18 (size before relaxing)
 .debug_str     0x00005b22       0xb4 Src\motor.o
                                0xb51 (size before relaxing)
 .debug_str     0x00005bd6       0x42 Src\stm32f0xx_hal_msp.o
                               0x1109 (size before relaxing)
 .debug_str     0x00005c18       0x62 Src\stm32f0xx_hal_timebase_TIM.o
                                0xcf3 (size before relaxing)
 .debug_str     0x00005c7a       0x6b Src\stm32f0xx_it.o
                                0xcb3 (size before relaxing)
 .debug_str     0x00005ce5       0x3b Src\system_stm32f0xx.o
                                0x68d (size before relaxing)
 .debug_str     0x00005d20       0xcf Src\trace.o
                                0xb66 (size before relaxing)
 .debug_str     0x00005def      0x123 Src\wifi.o
                                0xbca (size before relaxing)

.comment        0x00000000       0x7c
 .comment       0x00000000       0x7c Drivers\STM32F0xx_HAL_Driver\Src\stm32f0xx_hal.o
                                 0x7d (size before relaxing)
 .comment       0x0000007c       0x7d Drivers\STM32F0xx_HAL_Driver\Src\stm32f0xx_hal_adc.o
 .comment       0x0000007c       0x7d Drivers\STM32F0xx_HAL_Driver\Src\stm32f0xx_hal_cortex.o
 .comment       0x0000007c       0x7d Drivers\STM32F0xx_HAL_Driver\Src\stm32f0xx_hal_dma.o
 .comment       0x0000007c       0x7d Drivers\STM32F0xx_HAL_Driver\Src\stm32f0xx_hal_gpio.o
 .comment       0x0000007c       0x7d Drivers\STM32F0xx_HAL_Driver\Src\stm32f0xx_hal_rcc.o
 .comment       0x0000007c       0x7d Drivers\STM32F0xx_HAL_Driver\Src\stm32f0xx_hal_rcc_ex.o
 .comment       0x0000007c       0x7d Drivers\STM32F0xx_HAL_Driver\Src\stm32f0xx_hal_tim.o
 .comment       0x0000007c       0x7d Drivers\STM32F0xx_HAL_Driver\Src\stm32f0xx_hal_tim_ex.o
 .comment       0x0000007c       0x7d Drivers\STM32F0xx_HAL_Driver\Src\stm32f0xx_hal_uart.o
 .comment       0x0000007c       0x7d Drivers\STM32F0xx_HAL_Driver\Src\stm32f0xx_hal_uart_ex.o
 .comment       0x0000007c       0x7d Middlewares\Third_Party\FreeRTOS\Source\CMSIS_RTOS\cmsis_os.o
 .comment       0x0000007c       0x7d Middlewares\Third_Party\FreeRTOS\Source\list.o
 .comment       0x0000007c       0x7d Middlewares\Third_Party\FreeRTOS\Source\portable\GCC\ARM_CM0\port.o
 .comment       0x0000007c       0x7d Middlewares\Third_Party\FreeRTOS\Source\portable\MemMang\heap_4.o
 .comment       0x0000007c       0x7d Middlewares\Third_Party\FreeRTOS\Source\tasks.o
 .comment       0x0000007c       0x7d Src\adc.o
 .comment       0x0000007c       0x7d Src\digitial.o
 .comment       0x0000007c       0x7d Src\dorobo32.o
 .comment       0x0000007c       0x7d Src\fft.o
 .comment       0x0000007c       0x7d Src\init.o
 .comment       0x0000007c       0x7d Src\main.o
 .comment       0x0000007c       0x7d Src\motor.o
 .comment       0x0000007c       0x7d Src\stm32f0xx_hal_msp.o
 .comment       0x0000007c       0x7d Src\stm32f0xx_hal_timebase_TIM.o
 .comment       0x0000007c       0x7d Src\stm32f0xx_it.o
 .comment       0x0000007c       0x7d Src\system_stm32f0xx.o
 .comment       0x0000007c       0x7d Src\trace.o
 .comment       0x0000007c       0x7d Src\wifi.o

.debug_frame    0x00000000     0x493c
 .debug_frame   0x00000000      0x248 Drivers\STM32F0xx_HAL_Driver\Src\stm32f0xx_hal.o
 .debug_frame   0x00000248      0x390 Drivers\STM32F0xx_HAL_Driver\Src\stm32f0xx_hal_adc.o
 .debug_frame   0x000005d8      0x2a4 Drivers\STM32F0xx_HAL_Driver\Src\stm32f0xx_hal_cortex.o
 .debug_frame   0x0000087c      0x1d0 Drivers\STM32F0xx_HAL_Driver\Src\stm32f0xx_hal_dma.o
 .debug_frame   0x00000a4c      0x110 Drivers\STM32F0xx_HAL_Driver\Src\stm32f0xx_hal_gpio.o
 .debug_frame   0x00000b5c      0x194 Drivers\STM32F0xx_HAL_Driver\Src\stm32f0xx_hal_rcc.o
 .debug_frame   0x00000cf0      0x180 Drivers\STM32F0xx_HAL_Driver\Src\stm32f0xx_hal_rcc_ex.o
 .debug_frame   0x00000e70      0xd90 Drivers\STM32F0xx_HAL_Driver\Src\stm32f0xx_hal_tim.o
 .debug_frame   0x00001c00      0x4d0 Drivers\STM32F0xx_HAL_Driver\Src\stm32f0xx_hal_tim_ex.o
 .debug_frame   0x000020d0      0x710 Drivers\STM32F0xx_HAL_Driver\Src\stm32f0xx_hal_uart.o
 .debug_frame   0x000027e0      0x130 Drivers\STM32F0xx_HAL_Driver\Src\stm32f0xx_hal_uart_ex.o
 .debug_frame   0x00002910      0x6f4 Middlewares\Third_Party\FreeRTOS\Source\CMSIS_RTOS\cmsis_os.o
 .debug_frame   0x00003004       0xb0 Middlewares\Third_Party\FreeRTOS\Source\list.o
 .debug_frame   0x000030b4      0x174 Middlewares\Third_Party\FreeRTOS\Source\portable\GCC\ARM_CM0\port.o
 .debug_frame   0x00003228       0xe4 Middlewares\Third_Party\FreeRTOS\Source\portable\MemMang\heap_4.o
 .debug_frame   0x0000330c      0x660 Middlewares\Third_Party\FreeRTOS\Source\tasks.o
 .debug_frame   0x0000396c       0xac Src\adc.o
 .debug_frame   0x00003a18       0xd0 Src\digitial.o
 .debug_frame   0x00003ae8      0x104 Src\dorobo32.o
 .debug_frame   0x00003bec       0xe4 Src\fft.o
 .debug_frame   0x00003cd0      0x1a0 Src\init.o
 .debug_frame   0x00003e70       0xf4 Src\main.o
 .debug_frame   0x00003f64       0xac Src\motor.o
 .debug_frame   0x00004010      0x150 Src\stm32f0xx_hal_msp.o
 .debug_frame   0x00004160       0x68 Src\stm32f0xx_hal_timebase_TIM.o
 .debug_frame   0x000041c8       0x9c Src\stm32f0xx_it.o
 .debug_frame   0x00004264       0x4c Src\system_stm32f0xx.o
 .debug_frame   0x000042b0       0xcc Src\trace.o
 .debug_frame   0x0000437c      0x16c Src\wifi.o
 .debug_frame   0x000044e8       0x20 c:/program files (x86)/atollic/truestudio for stm32 9.0.1/armtools/bin/../lib/gcc/arm-atollic-eabi/6.3.1/../../../../arm-atollic-eabi/lib/armv6-m\libc_nano.a(lib_a-errno.o)
 .debug_frame   0x00004508       0x2c c:/program files (x86)/atollic/truestudio for stm32 9.0.1/armtools/bin/../lib/gcc/arm-atollic-eabi/6.3.1/../../../../arm-atollic-eabi/lib/armv6-m\libc_nano.a(lib_a-init.o)
 .debug_frame   0x00004534       0x28 c:/program files (x86)/atollic/truestudio for stm32 9.0.1/armtools/bin/../lib/gcc/arm-atollic-eabi/6.3.1/../../../../arm-atollic-eabi/lib/armv6-m\libc_nano.a(lib_a-memcpy-stub.o)
 .debug_frame   0x0000455c       0x20 c:/program files (x86)/atollic/truestudio for stm32 9.0.1/armtools/bin/../lib/gcc/arm-atollic-eabi/6.3.1/../../../../arm-atollic-eabi/lib/armv6-m\libc_nano.a(lib_a-memset.o)
 .debug_frame   0x0000457c       0x48 c:/program files (x86)/atollic/truestudio for stm32 9.0.1/armtools/bin/../lib/gcc/arm-atollic-eabi/6.3.1/../../../../arm-atollic-eabi/lib/armv6-m\libc_nano.a(lib_a-vsnprintf.o)
 .debug_frame   0x000045c4       0x74 c:/program files (x86)/atollic/truestudio for stm32 9.0.1/armtools/bin/../lib/gcc/arm-atollic-eabi/6.3.1/../../../../arm-atollic-eabi/lib/armv6-m\libc_nano.a(lib_a-nano-svfprintf.o)
 .debug_frame   0x00004638       0x54 c:/program files (x86)/atollic/truestudio for stm32 9.0.1/armtools/bin/../lib/gcc/arm-atollic-eabi/6.3.1/../../../../arm-atollic-eabi/lib/armv6-m\libc_nano.a(lib_a-nano-vfprintf_i.o)
 .debug_frame   0x0000468c       0x20 c:/program files (x86)/atollic/truestudio for stm32 9.0.1/armtools/bin/../lib/gcc/arm-atollic-eabi/6.3.1/../../../../arm-atollic-eabi/lib/armv6-m\libc_nano.a(lib_a-memchr-stub.o)
 .debug_frame   0x000046ac       0x28 c:/program files (x86)/atollic/truestudio for stm32 9.0.1/armtools/bin/../lib/gcc/arm-atollic-eabi/6.3.1/../../../../arm-atollic-eabi/lib/armv6-m\libc_nano.a(lib_a-memmove.o)
 .debug_frame   0x000046d4       0x2c c:/program files (x86)/atollic/truestudio for stm32 9.0.1/armtools/bin/../lib/gcc/arm-atollic-eabi/6.3.1/../../../../arm-atollic-eabi/lib/armv6-m\libc_nano.a(lib_a-nano-freer.o)
 .debug_frame   0x00004700       0x2c c:/program files (x86)/atollic/truestudio for stm32 9.0.1/armtools/bin/../lib/gcc/arm-atollic-eabi/6.3.1/../../../../arm-atollic-eabi/lib/armv6-m\libc_nano.a(lib_a-nano-mallocr.o)
 .debug_frame   0x0000472c       0x30 c:/program files (x86)/atollic/truestudio for stm32 9.0.1/armtools/bin/../lib/gcc/arm-atollic-eabi/6.3.1/../../../../arm-atollic-eabi/lib/armv6-m\libc_nano.a(lib_a-nano-reallocr.o)
 .debug_frame   0x0000475c       0x2c c:/program files (x86)/atollic/truestudio for stm32 9.0.1/armtools/bin/../lib/gcc/arm-atollic-eabi/6.3.1/../../../../arm-atollic-eabi/lib/armv6-m\libc_nano.a(lib_a-sbrkr.o)
 .debug_frame   0x00004788       0x30 c:/program files (x86)/atollic/truestudio for stm32 9.0.1/armtools/bin/../lib/gcc/arm-atollic-eabi/6.3.1/../../../../arm-atollic-eabi/lib/armv6-m\libc_nano.a(lib_a-mlock.o)
 .debug_frame   0x000047b8       0x20 c:/program files (x86)/atollic/truestudio for stm32 9.0.1/armtools/bin/../lib/gcc/arm-atollic-eabi/6.3.1/../../../../arm-atollic-eabi/lib/armv6-m\libc_nano.a(lib_a-nano-msizer.o)
 .debug_frame   0x000047d8       0x48 c:/program files (x86)/atollic/truestudio for stm32 9.0.1/armtools/bin/../lib/gcc/arm-atollic-eabi/6.3.1/../../../../arm-atollic-eabi/lib/armv6-m\libc_nano.a(lib_a-reent.o)
 .debug_frame   0x00004820       0x20 c:/program files (x86)/atollic/truestudio for stm32 9.0.1/armtools/bin/../lib/gcc/arm-atollic-eabi/6.3.1/armv6-m\libgcc.a(_udivsi3.o)
 .debug_frame   0x00004840       0x3c c:/program files (x86)/atollic/truestudio for stm32 9.0.1/armtools/bin/../lib/gcc/arm-atollic-eabi/6.3.1/armv6-m\libgcc.a(divdf3.o)
 .debug_frame   0x0000487c       0x3c c:/program files (x86)/atollic/truestudio for stm32 9.0.1/armtools/bin/../lib/gcc/arm-atollic-eabi/6.3.1/armv6-m\libgcc.a(muldf3.o)
 .debug_frame   0x000048b8       0x28 c:/program files (x86)/atollic/truestudio for stm32 9.0.1/armtools/bin/../lib/gcc/arm-atollic-eabi/6.3.1/armv6-m\libgcc.a(floatunsidf.o)
 .debug_frame   0x000048e0       0x2c c:/program files (x86)/atollic/truestudio for stm32 9.0.1/armtools/bin/../lib/gcc/arm-atollic-eabi/6.3.1/armv6-m\libgcc.a(extendsfdf2.o)
 .debug_frame   0x0000490c       0x30 c:/program files (x86)/atollic/truestudio for stm32 9.0.1/armtools/bin/../lib/gcc/arm-atollic-eabi/6.3.1/armv6-m\libgcc.a(truncdfsf2.o)
